#! 
:ivl_version "14.0 (devel)" "(s20260301-322-ga4989d023-dirty)";
:ivl_delay_selection "TYPICAL";
:vpi_time_precision - 12;
:vpi_module "E:\OSS-CA~1\lib\ivl\system.vpi";
:vpi_module "E:\OSS-CA~1\lib\ivl\vhdl_sys.vpi";
:vpi_module "E:\OSS-CA~1\lib\ivl\vhdl_textio.vpi";
:vpi_module "E:\OSS-CA~1\lib\ivl\v2005_math.vpi";
:vpi_module "E:\OSS-CA~1\lib\ivl\va_math.vpi";
:vpi_module "E:\OSS-CA~1\lib\ivl\v2009.vpi";
S_000001c88b2bb460 .scope package, "$unit" "$unit" 2 1;
 .timescale 0 0;
S_000001c88b1aa4e0 .scope module, "tb_d_flip_flop" "tb_d_flip_flop" 3 3;
 .timescale -9 -12;
v000001c88b1aa800_0 .var "D", 0 0;
v000001c88b2bb5f0_0 .net "Q", 0 0, v000001c88b186db0_0;  1 drivers
v000001c88b186320_0 .var "clk", 0 0;
v000001c88b1863c0_0 .var "rst", 0 0;
S_000001c88b1aa670 .scope module, "DUT" "d_flip_flop" 3 14, 4 1 0, S_000001c88b1aa4e0;
 .timescale 0 0;
    .port_info 0 /INPUT 1 "clk";
    .port_info 1 /INPUT 1 "rst";
    .port_info 2 /INPUT 1 "D";
    .port_info 3 /OUTPUT 1 "Q";
v000001c88b186ac0_0 .net "D", 0 0, v000001c88b1aa800_0;  1 drivers
v000001c88b186db0_0 .var "Q", 0 0;
v000001c88b2bbdc0_0 .net "clk", 0 0, v000001c88b186320_0;  1 drivers
v000001c88b1b9be0_0 .net "rst", 0 0, v000001c88b1863c0_0;  1 drivers
E_000001c88b1a8e90 .event posedge, v000001c88b1b9be0_0, v000001c88b2bbdc0_0;
    .scope S_000001c88b1aa670;
T_0 ;
    %wait E_000001c88b1a8e90;
    %load/vec4 v000001c88b1b9be0_0;
    %flag_set/vec4 8;
    %jmp/0xz  T_0.0, 8;
    %pushi/vec4 0, 0, 1;
    %assign/vec4 v000001c88b186db0_0, 0;
    %jmp T_0.1;
T_0.0 ;
    %load/vec4 v000001c88b186ac0_0;
    %assign/vec4 v000001c88b186db0_0, 0;
T_0.1 ;
    %jmp T_0;
    .thread T_0;
    .scope S_000001c88b1aa4e0;
T_1 ;
    %pushi/vec4 0, 0, 1;
    %store/vec4 v000001c88b186320_0, 0, 1;
T_1.0 ;
    %delay 5000, 0;
    %load/vec4 v000001c88b186320_0;
    %inv;
    %store/vec4 v000001c88b186320_0, 0, 1;
    %jmp T_1.0;
T_1.1 ;
    %end;
    .thread T_1;
    .scope S_000001c88b1aa4e0;
T_2 ;
    %vpi_call/w 3 36 "$dumpfile", "waves/d_flip_flop.vcd" {0 0 0};
    %vpi_call/w 3 37 "$dumpvars", 32'sb00000000000000000000000000000000, S_000001c88b1aa4e0 {0 0 0};
    %pushi/vec4 1, 0, 1;
    %store/vec4 v000001c88b1863c0_0, 0, 1;
    %pushi/vec4 0, 0, 1;
    %store/vec4 v000001c88b1aa800_0, 0, 1;
    %delay 10000, 0;
    %pushi/vec4 0, 0, 1;
    %store/vec4 v000001c88b1863c0_0, 0, 1;
    %pushi/vec4 1, 0, 1;
    %store/vec4 v000001c88b1aa800_0, 0, 1;
    %delay 10000, 0;
    %pushi/vec4 0, 0, 1;
    %store/vec4 v000001c88b1aa800_0, 0, 1;
    %delay 10000, 0;
    %pushi/vec4 1, 0, 1;
    %store/vec4 v000001c88b1aa800_0, 0, 1;
    %delay 10000, 0;
    %pushi/vec4 1, 0, 1;
    %store/vec4 v000001c88b1aa800_0, 0, 1;
    %delay 10000, 0;
    %pushi/vec4 0, 0, 1;
    %store/vec4 v000001c88b1aa800_0, 0, 1;
    %delay 10000, 0;
    %vpi_call/w 3 62 "$finish" {0 0 0};
    %end;
    .thread T_2;
    .scope S_000001c88b1aa4e0;
T_3 ;
    %vpi_call/w 3 71 "$monitor", "Time=%0t clk=%b rst=%b D=%b Q=%b", $time, v000001c88b186320_0, v000001c88b1863c0_0, v000001c88b1aa800_0, v000001c88b2bb5f0_0 {0 0 0};
    %end;
    .thread T_3;
# The file index is used to find the file name in the following table.
:file_names 5;
    "N/A";
    "<interactive>";
    "-";
    "tb/tb_d_flip_flop.sv";
    "rtl/d_flip_flop.sv";
