#! 
:ivl_version "14.0 (devel)" "(s20260301-322-ga4989d023-dirty)";
:ivl_delay_selection "TYPICAL";
:vpi_time_precision - 12;
:vpi_module "E:\OSS-CA~1\lib\ivl\system.vpi";
:vpi_module "E:\OSS-CA~1\lib\ivl\vhdl_sys.vpi";
:vpi_module "E:\OSS-CA~1\lib\ivl\vhdl_textio.vpi";
:vpi_module "E:\OSS-CA~1\lib\ivl\v2005_math.vpi";
:vpi_module "E:\OSS-CA~1\lib\ivl\va_math.vpi";
:vpi_module "E:\OSS-CA~1\lib\ivl\v2009.vpi";
S_000001495bb2a2c0 .scope package, "$unit" "$unit" 2 1;
 .timescale 0 0;
S_000001495bb2a450 .scope module, "tb_full_adder" "tb_full_adder" 3 3;
 .timescale -9 -12;
v000001495bb738a0_0 .var "A", 0 0;
v000001495bb73f80_0 .var "B", 0 0;
v000001495bb74020_0 .var "Cin", 0 0;
v000001495bb743e0_0 .net "Cout", 0 0, L_000001495ba9af40;  1 drivers
v000001495bb742a0_0 .net "Sum", 0 0, L_000001495ba9b090;  1 drivers
S_000001495bb2a5e0 .scope begin, "$ivl_for_loop0" "$ivl_for_loop0" 3 29, 3 29 0, S_000001495bb2a450;
 .timescale -9 -12;
v000001495baf6db0_0 .var/2s "i", 31 0;
S_000001495bb27a20 .scope module, "uut" "full_adder" 3 12, 4 1 0, S_000001495bb2a450;
 .timescale 0 0;
    .port_info 0 /INPUT 1 "A";
    .port_info 1 /INPUT 1 "B";
    .port_info 2 /INPUT 1 "Cin";
    .port_info 3 /OUTPUT 1 "Sum";
    .port_info 4 /OUTPUT 1 "Cout";
L_000001495ba9ae60 .functor XOR 1, v000001495bb738a0_0, v000001495bb73f80_0, C4<0>, C4<0>;
L_000001495ba9b090 .functor XOR 1, L_000001495ba9ae60, v000001495bb74020_0, C4<0>, C4<0>;
L_000001495ba9afb0 .functor AND 1, v000001495bb738a0_0, v000001495bb73f80_0, C4<1>, C4<1>;
L_000001495ba9b1e0 .functor AND 1, v000001495bb738a0_0, v000001495bb74020_0, C4<1>, C4<1>;
L_000001495ba9b250 .functor OR 1, L_000001495ba9afb0, L_000001495ba9b1e0, C4<0>, C4<0>;
L_000001495ba9b2c0 .functor AND 1, v000001495bb73f80_0, v000001495bb74020_0, C4<1>, C4<1>;
L_000001495ba9af40 .functor OR 1, L_000001495ba9b250, L_000001495ba9b2c0, C4<0>, C4<0>;
v000001495bb19680_0 .net "A", 0 0, v000001495bb738a0_0;  1 drivers
v000001495baf6720_0 .net "B", 0 0, v000001495bb73f80_0;  1 drivers
v000001495bb27bb0_0 .net "Cin", 0 0, v000001495bb74020_0;  1 drivers
v000001495bb27c50_0 .net "Cout", 0 0, L_000001495ba9af40;  alias, 1 drivers
v000001495bb73e40_0 .net "Sum", 0 0, L_000001495ba9b090;  alias, 1 drivers
v000001495bb74520_0 .net *"_ivl_0", 0 0, L_000001495ba9ae60;  1 drivers
v000001495bb73ee0_0 .net *"_ivl_10", 0 0, L_000001495ba9b2c0;  1 drivers
v000001495bb73a80_0 .net *"_ivl_4", 0 0, L_000001495ba9afb0;  1 drivers
v000001495bb74660_0 .net *"_ivl_6", 0 0, L_000001495ba9b1e0;  1 drivers
v000001495bb74200_0 .net *"_ivl_8", 0 0, L_000001495ba9b250;  1 drivers
    .scope S_000001495bb2a450;
T_0 ;
    %vpi_call/w 3 23 "$dumpfile", "waves/full_adder.vcd" {0 0 0};
    %vpi_call/w 3 24 "$dumpvars", 32'sb00000000000000000000000000000000, S_000001495bb2a450 {0 0 0};
    %vpi_call/w 3 26 "$display", "A B Cin | Sum Cout" {0 0 0};
    %vpi_call/w 3 27 "$display", "-------------------" {0 0 0};
    %fork t_1, S_000001495bb2a5e0;
    %jmp t_0;
    .scope S_000001495bb2a5e0;
t_1 ;
    %pushi/vec4 0, 0, 32;
    %store/vec4 v000001495baf6db0_0, 0, 32;
T_0.0 ; Top of for-loop
    %load/vec4 v000001495baf6db0_0;
    %cmpi/s 8, 0, 32;
	  %jmp/0xz T_0.1, 5;
    %load/vec4 v000001495baf6db0_0;
    %pad/s 3;
    %split/vec4 1;
    %store/vec4 v000001495bb74020_0, 0, 1;
    %split/vec4 1;
    %store/vec4 v000001495bb73f80_0, 0, 1;
    %store/vec4 v000001495bb738a0_0, 0, 1;
    %delay 10000, 0;
    %vpi_call/w 3 32 "$display", "%b %b %b |  %b    %b", v000001495bb738a0_0, v000001495bb73f80_0, v000001495bb74020_0, v000001495bb742a0_0, v000001495bb743e0_0 {0 0 0};
T_0.2 ; for-loop step statement
    ; show_stmt_assign_vector: Get l-value for compressed += operand
    %load/vec4 v000001495baf6db0_0;
    %pushi/vec4 1, 0, 32;
    %add;
    %cast2;
    %store/vec4 v000001495baf6db0_0, 0, 32;
    %jmp T_0.0;
T_0.1 ; for-loop exit label
    %end;
    .scope S_000001495bb2a450;
t_0 %join;
    %vpi_call/w 3 36 "$finish" {0 0 0};
    %end;
    .thread T_0;
# The file index is used to find the file name in the following table.
:file_names 5;
    "N/A";
    "<interactive>";
    "-";
    "tb/tb_full_adder.sv";
    "rtl/full_adder.sv";
