#! 
:ivl_version "14.0 (devel)" "(s20260301-322-ga4989d023-dirty)";
:ivl_delay_selection "TYPICAL";
:vpi_time_precision - 12;
:vpi_module "E:\OSS-CA~1\lib\ivl\system.vpi";
:vpi_module "E:\OSS-CA~1\lib\ivl\vhdl_sys.vpi";
:vpi_module "E:\OSS-CA~1\lib\ivl\vhdl_textio.vpi";
:vpi_module "E:\OSS-CA~1\lib\ivl\v2005_math.vpi";
:vpi_module "E:\OSS-CA~1\lib\ivl\va_math.vpi";
:vpi_module "E:\OSS-CA~1\lib\ivl\v2009.vpi";
S_000002249a05a310 .scope package, "$unit" "$unit" 2 1;
 .timescale 0 0;
S_000002249a05a6b0 .scope module, "tb_half_adder" "tb_half_adder" 3 3;
 .timescale -9 -12;
v000002249a076720_0 .var "A", 0 0;
v000002249a059630_0 .var "B", 0 0;
v000002249a0f2010_0 .net "Cout", 0 0, L_000002249a0a75f0;  1 drivers
v000002249a0f2330_0 .net "Sum", 0 0, L_000002249a0767c0;  1 drivers
S_000002249a05aa90 .scope module, "uut" "half_adder" 3 11, 4 1 0, S_000002249a05a6b0;
 .timescale 0 0;
    .port_info 0 /INPUT 1 "A";
    .port_info 1 /INPUT 1 "B";
    .port_info 2 /OUTPUT 1 "Sum";
    .port_info 3 /OUTPUT 1 "Cout";
L_000002249a0767c0 .functor XOR 1, v000002249a076720_0, v000002249a059630_0, C4<0>, C4<0>;
L_000002249a0a75f0 .functor AND 1, v000002249a076720_0, v000002249a059630_0, C4<1>, C4<1>;
v000002249a05ac20_0 .net "A", 0 0, v000002249a076720_0;  1 drivers
v000002249a076db0_0 .net "B", 0 0, v000002249a059630_0;  1 drivers
v000002249a0a9c60_0 .net "Cout", 0 0, L_000002249a0a75f0;  alias, 1 drivers
v000002249a05bd90_0 .net "Sum", 0 0, L_000002249a0767c0;  alias, 1 drivers
    .scope S_000002249a05a6b0;
T_0 ;
    %vpi_call/w 3 19 "$dumpfile", "waves/half_adder.vcd" {0 0 0};
    %vpi_call/w 3 20 "$dumpvars", 32'sb00000000000000000000000000000000, S_000002249a05a6b0 {0 0 0};
    %vpi_call/w 3 22 "$display", "A B | Sum Cout" {0 0 0};
    %vpi_call/w 3 23 "$display", "---------------" {0 0 0};
    %pushi/vec4 0, 0, 1;
    %store/vec4 v000002249a076720_0, 0, 1;
    %pushi/vec4 0, 0, 1;
    %store/vec4 v000002249a059630_0, 0, 1;
    %delay 10000, 0;
    %vpi_call/w 3 26 "$display", "%b %b |  %b    %b", v000002249a076720_0, v000002249a059630_0, v000002249a0f2330_0, v000002249a0f2010_0 {0 0 0};
    %pushi/vec4 0, 0, 1;
    %store/vec4 v000002249a076720_0, 0, 1;
    %pushi/vec4 1, 0, 1;
    %store/vec4 v000002249a059630_0, 0, 1;
    %delay 10000, 0;
    %vpi_call/w 3 29 "$display", "%b %b |  %b    %b", v000002249a076720_0, v000002249a059630_0, v000002249a0f2330_0, v000002249a0f2010_0 {0 0 0};
    %pushi/vec4 1, 0, 1;
    %store/vec4 v000002249a076720_0, 0, 1;
    %pushi/vec4 0, 0, 1;
    %store/vec4 v000002249a059630_0, 0, 1;
    %delay 10000, 0;
    %vpi_call/w 3 32 "$display", "%b %b |  %b    %b", v000002249a076720_0, v000002249a059630_0, v000002249a0f2330_0, v000002249a0f2010_0 {0 0 0};
    %pushi/vec4 1, 0, 1;
    %store/vec4 v000002249a076720_0, 0, 1;
    %pushi/vec4 1, 0, 1;
    %store/vec4 v000002249a059630_0, 0, 1;
    %delay 10000, 0;
    %vpi_call/w 3 35 "$display", "%b %b |  %b    %b", v000002249a076720_0, v000002249a059630_0, v000002249a0f2330_0, v000002249a0f2010_0 {0 0 0};
    %vpi_call/w 3 37 "$finish" {0 0 0};
    %end;
    .thread T_0;
# The file index is used to find the file name in the following table.
:file_names 5;
    "N/A";
    "<interactive>";
    "-";
    "tb\tb_half_adder.sv";
    "rtl\half_adder.sv";
