#! 
:ivl_version "14.0 (devel)" "(s20260301-322-ga4989d023-dirty)";
:ivl_delay_selection "TYPICAL";
:vpi_time_precision - 12;
:vpi_module "E:\OSS-CA~1\lib\ivl\system.vpi";
:vpi_module "E:\OSS-CA~1\lib\ivl\vhdl_sys.vpi";
:vpi_module "E:\OSS-CA~1\lib\ivl\vhdl_textio.vpi";
:vpi_module "E:\OSS-CA~1\lib\ivl\v2005_math.vpi";
:vpi_module "E:\OSS-CA~1\lib\ivl\va_math.vpi";
:vpi_module "E:\OSS-CA~1\lib\ivl\v2009.vpi";
S_0000018d49461af0 .scope package, "$unit" "$unit" 2 1;
 .timescale 0 0;
S_0000018d49461c80 .scope module, "tb_partial_product_generator" "tb_partial_product_generator" 3 3;
 .timescale -9 -12;
v0000018d494c0030_0 .var "A", 7 0;
v0000018d494bf1d0_0 .var "B", 7 0;
v0000018d494c0170_0 .net "pp", 63 0, L_0000018d494c6dd0;  1 drivers
S_0000018d4942d5f0 .scope module, "uut" "partial_product_generator" 3 9, 4 1 0, S_0000018d49461c80;
 .timescale 0 0;
    .port_info 0 /INPUT 8 "A";
    .port_info 1 /INPUT 8 "B";
    .port_info 2 /OUTPUT 64 "pp";
L_0000018d49460460 .functor AND 1, L_0000018d494c05d0, L_0000018d494beaf0, C4<1>, C4<1>;
L_0000018d494607e0 .functor AND 1, L_0000018d494bf4f0, L_0000018d494beeb0, C4<1>, C4<1>;
L_0000018d4945fe40 .functor AND 1, L_0000018d494bf9f0, L_0000018d494bfdb0, C4<1>, C4<1>;
L_0000018d494605b0 .functor AND 1, L_0000018d494c02b0, L_0000018d494bfbd0, C4<1>, C4<1>;
L_0000018d49460620 .functor AND 1, L_0000018d494bef50, L_0000018d494bf630, C4<1>, C4<1>;
L_0000018d49460770 .functor AND 1, L_0000018d494bfa90, L_0000018d494bff90, C4<1>, C4<1>;
L_0000018d49460700 .functor AND 1, L_0000018d494bee10, L_0000018d494bf090, C4<1>, C4<1>;
L_0000018d4945fcf0 .functor AND 1, L_0000018d494bfd10, L_0000018d494c00d0, C4<1>, C4<1>;
L_0000018d494602a0 .functor AND 1, L_0000018d494bf130, L_0000018d494c0490, C4<1>, C4<1>;
L_0000018d494604d0 .functor AND 1, L_0000018d494c0350, L_0000018d494bf270, C4<1>, C4<1>;
L_0000018d49460310 .functor AND 1, L_0000018d494c03f0, L_0000018d494bf310, C4<1>, C4<1>;
L_0000018d4945feb0 .functor AND 1, L_0000018d494bf8b0, L_0000018d494c0670, C4<1>, C4<1>;
L_0000018d4945fdd0 .functor AND 1, L_0000018d494bf3b0, L_0000018d494bf450, C4<1>, C4<1>;
L_0000018d494603f0 .functor AND 1, L_0000018d494bfe50, L_0000018d494bf590, C4<1>, C4<1>;
L_0000018d494601c0 .functor AND 1, L_0000018d494bfef0, L_0000018d494bf6d0, C4<1>, C4<1>;
L_0000018d49460380 .functor AND 1, L_0000018d494bf770, L_0000018d494c0530, C4<1>, C4<1>;
L_0000018d4945ff20 .functor AND 1, L_0000018d494c08f0, L_0000018d494bf810, C4<1>, C4<1>;
L_0000018d4945fd60 .functor AND 1, L_0000018d494bf950, L_0000018d494bfb30, C4<1>, C4<1>;
L_0000018d4945fba0 .functor AND 1, L_0000018d494c0710, L_0000018d494c07b0, C4<1>, C4<1>;
L_0000018d49460690 .functor AND 1, L_0000018d494c0990, L_0000018d494beb90, C4<1>, C4<1>;
L_0000018d49460850 .functor AND 1, L_0000018d494bec30, L_0000018d494becd0, C4<1>, C4<1>;
L_0000018d4945ff90 .functor AND 1, L_0000018d494bed70, L_0000018d494c3130, C4<1>, C4<1>;
L_0000018d4945fa50 .functor AND 1, L_0000018d494c31d0, L_0000018d494c5610, C4<1>, C4<1>;
L_0000018d494608c0 .functor AND 1, L_0000018d494c4d50, L_0000018d494c38b0, C4<1>, C4<1>;
L_0000018d4945f9e0 .functor AND 1, L_0000018d494c4c10, L_0000018d494c5750, C4<1>, C4<1>;
L_0000018d49460070 .functor AND 1, L_0000018d494c3d10, L_0000018d494c42b0, C4<1>, C4<1>;
L_0000018d4945fac0 .functor AND 1, L_0000018d494c3950, L_0000018d494c5250, C4<1>, C4<1>;
L_0000018d49460000 .functor AND 1, L_0000018d494c34f0, L_0000018d494c3c70, C4<1>, C4<1>;
L_0000018d494600e0 .functor AND 1, L_0000018d494c3590, L_0000018d494c47b0, C4<1>, C4<1>;
L_0000018d49460540 .functor AND 1, L_0000018d494c3630, L_0000018d494c3270, C4<1>, C4<1>;
L_0000018d4945fc80 .functor AND 1, L_0000018d494c5070, L_0000018d494c3450, C4<1>, C4<1>;
L_0000018d4945fc10 .functor AND 1, L_0000018d494c4030, L_0000018d494c3db0, C4<1>, C4<1>;
L_0000018d49460230 .functor AND 1, L_0000018d494c3310, L_0000018d494c33b0, C4<1>, C4<1>;
L_0000018d494c93e0 .functor AND 1, L_0000018d494c54d0, L_0000018d494c36d0, C4<1>, C4<1>;
L_0000018d494c8dc0 .functor AND 1, L_0000018d494c40d0, L_0000018d494c3770, C4<1>, C4<1>;
L_0000018d494c8c70 .functor AND 1, L_0000018d494c39f0, L_0000018d494c4670, C4<1>, C4<1>;
L_0000018d494c8e30 .functor AND 1, L_0000018d494c3810, L_0000018d494c3a90, C4<1>, C4<1>;
L_0000018d494c9300 .functor AND 1, L_0000018d494c3e50, L_0000018d494c43f0, C4<1>, C4<1>;
L_0000018d494c95a0 .functor AND 1, L_0000018d494c51b0, L_0000018d494c4df0, C4<1>, C4<1>;
L_0000018d494c9530 .functor AND 1, L_0000018d494c57f0, L_0000018d494c5430, C4<1>, C4<1>;
L_0000018d494c8ea0 .functor AND 1, L_0000018d494c3bd0, L_0000018d494c5890, C4<1>, C4<1>;
L_0000018d494c9060 .functor AND 1, L_0000018d494c4e90, L_0000018d494c4850, C4<1>, C4<1>;
L_0000018d494c8ce0 .functor AND 1, L_0000018d494c4cb0, L_0000018d494c56b0, C4<1>, C4<1>;
L_0000018d494c9220 .functor AND 1, L_0000018d494c3ef0, L_0000018d494c4ad0, C4<1>, C4<1>;
L_0000018d494c8d50 .functor AND 1, L_0000018d494c4710, L_0000018d494c4f30, C4<1>, C4<1>;
L_0000018d494c97d0 .functor AND 1, L_0000018d494c4fd0, L_0000018d494c5110, C4<1>, C4<1>;
L_0000018d494c8ab0 .functor AND 1, L_0000018d494c52f0, L_0000018d494c5390, C4<1>, C4<1>;
L_0000018d494c8f10 .functor AND 1, L_0000018d494c48f0, L_0000018d494c5570, C4<1>, C4<1>;
L_0000018d494c8ff0 .functor AND 1, L_0000018d494c3b30, L_0000018d494c4170, C4<1>, C4<1>;
L_0000018d494c9140 .functor AND 1, L_0000018d494c3f90, L_0000018d494c4210, C4<1>, C4<1>;
L_0000018d494c8c00 .functor AND 1, L_0000018d494c4350, L_0000018d494c4490, C4<1>, C4<1>;
L_0000018d494c91b0 .functor AND 1, L_0000018d494c4990, L_0000018d494c4530, C4<1>, C4<1>;
L_0000018d494c9290 .functor AND 1, L_0000018d494c45d0, L_0000018d494c4a30, C4<1>, C4<1>;
L_0000018d494c8a40 .functor AND 1, L_0000018d494c4b70, L_0000018d494c6150, C4<1>, C4<1>;
L_0000018d494c8f80 .functor AND 1, L_0000018d494c5ed0, L_0000018d494c5c50, C4<1>, C4<1>;
L_0000018d494c96f0 .functor AND 1, L_0000018d494c6970, L_0000018d494c6010, C4<1>, C4<1>;
L_0000018d494c90d0 .functor AND 1, L_0000018d494c5f70, L_0000018d494c6650, C4<1>, C4<1>;
L_0000018d494c9610 .functor AND 1, L_0000018d494c5b10, L_0000018d494c6470, C4<1>, C4<1>;
L_0000018d494c9370 .functor AND 1, L_0000018d494c6830, L_0000018d494c6790, C4<1>, C4<1>;
L_0000018d494c8b20 .functor AND 1, L_0000018d494c6510, L_0000018d494c60b0, C4<1>, C4<1>;
L_0000018d494c9680 .functor AND 1, L_0000018d494c68d0, L_0000018d494c6e70, C4<1>, C4<1>;
L_0000018d494c9760 .functor AND 1, L_0000018d494c5a70, L_0000018d494c59d0, C4<1>, C4<1>;
L_0000018d494c8b90 .functor AND 1, L_0000018d494c6c90, L_0000018d494c6bf0, C4<1>, C4<1>;
L_0000018d494c9450 .functor AND 1, L_0000018d494c65b0, L_0000018d494c5d90, C4<1>, C4<1>;
v0000018d4945e470_0 .net "A", 7 0, v0000018d494c0030_0;  1 drivers
v0000018d4945e150_0 .net "B", 7 0, v0000018d494bf1d0_0;  1 drivers
v0000018d4945ea10_0 .net *"_ivl_101", 0 0, L_0000018d494bf450;  1 drivers
v0000018d4945de30_0 .net *"_ivl_102", 0 0, L_0000018d4945fdd0;  1 drivers
v0000018d4945f690_0 .net *"_ivl_107", 0 0, L_0000018d494bfe50;  1 drivers
v0000018d4945f230_0 .net *"_ivl_109", 0 0, L_0000018d494bf590;  1 drivers
v0000018d4945e5b0_0 .net *"_ivl_11", 0 0, L_0000018d494bf4f0;  1 drivers
v0000018d4945f7d0_0 .net *"_ivl_110", 0 0, L_0000018d494603f0;  1 drivers
v0000018d4945eab0_0 .net *"_ivl_115", 0 0, L_0000018d494bfef0;  1 drivers
v0000018d4945ded0_0 .net *"_ivl_117", 0 0, L_0000018d494bf6d0;  1 drivers
v0000018d4945eb50_0 .net *"_ivl_118", 0 0, L_0000018d494601c0;  1 drivers
v0000018d4945ec90_0 .net *"_ivl_123", 0 0, L_0000018d494bf770;  1 drivers
v0000018d4945e0b0_0 .net *"_ivl_125", 0 0, L_0000018d494c0530;  1 drivers
v0000018d4945e650_0 .net *"_ivl_126", 0 0, L_0000018d49460380;  1 drivers
v0000018d4945df70_0 .net *"_ivl_13", 0 0, L_0000018d494beeb0;  1 drivers
v0000018d4945ed30_0 .net *"_ivl_131", 0 0, L_0000018d494c08f0;  1 drivers
v0000018d4945ee70_0 .net *"_ivl_133", 0 0, L_0000018d494bf810;  1 drivers
v0000018d4945ef10_0 .net *"_ivl_134", 0 0, L_0000018d4945ff20;  1 drivers
v0000018d4945e010_0 .net *"_ivl_139", 0 0, L_0000018d494bf950;  1 drivers
v0000018d4945efb0_0 .net *"_ivl_14", 0 0, L_0000018d494607e0;  1 drivers
v0000018d4945f050_0 .net *"_ivl_141", 0 0, L_0000018d494bfb30;  1 drivers
v0000018d4945f730_0 .net *"_ivl_142", 0 0, L_0000018d4945fd60;  1 drivers
v0000018d4945f0f0_0 .net *"_ivl_147", 0 0, L_0000018d494c0710;  1 drivers
v0000018d4945dbb0_0 .net *"_ivl_149", 0 0, L_0000018d494c07b0;  1 drivers
v0000018d4945e1f0_0 .net *"_ivl_150", 0 0, L_0000018d4945fba0;  1 drivers
v0000018d4945e6f0_0 .net *"_ivl_155", 0 0, L_0000018d494c0990;  1 drivers
v0000018d4945f870_0 .net *"_ivl_157", 0 0, L_0000018d494beb90;  1 drivers
v0000018d4945d9d0_0 .net *"_ivl_158", 0 0, L_0000018d49460690;  1 drivers
v0000018d4945f190_0 .net *"_ivl_163", 0 0, L_0000018d494bec30;  1 drivers
v0000018d4945f2d0_0 .net *"_ivl_165", 0 0, L_0000018d494becd0;  1 drivers
v0000018d4945e790_0 .net *"_ivl_166", 0 0, L_0000018d49460850;  1 drivers
v0000018d4945f550_0 .net *"_ivl_171", 0 0, L_0000018d494bed70;  1 drivers
v0000018d4945f370_0 .net *"_ivl_173", 0 0, L_0000018d494c3130;  1 drivers
v0000018d4945f410_0 .net *"_ivl_174", 0 0, L_0000018d4945ff90;  1 drivers
v0000018d4945f5f0_0 .net *"_ivl_179", 0 0, L_0000018d494c31d0;  1 drivers
v0000018d49413f30_0 .net *"_ivl_181", 0 0, L_0000018d494c5610;  1 drivers
v0000018d49412db0_0 .net *"_ivl_182", 0 0, L_0000018d4945fa50;  1 drivers
v0000018d49412f90_0 .net *"_ivl_187", 0 0, L_0000018d494c4d50;  1 drivers
v0000018d494137b0_0 .net *"_ivl_189", 0 0, L_0000018d494c38b0;  1 drivers
v0000018d49412810_0 .net *"_ivl_19", 0 0, L_0000018d494bf9f0;  1 drivers
v0000018d49413850_0 .net *"_ivl_190", 0 0, L_0000018d494608c0;  1 drivers
v0000018d494132b0_0 .net *"_ivl_195", 0 0, L_0000018d494c4c10;  1 drivers
v0000018d494141b0_0 .net *"_ivl_197", 0 0, L_0000018d494c5750;  1 drivers
v0000018d49414390_0 .net *"_ivl_198", 0 0, L_0000018d4945f9e0;  1 drivers
v0000018d49412630_0 .net *"_ivl_203", 0 0, L_0000018d494c3d10;  1 drivers
v0000018d49412a90_0 .net *"_ivl_205", 0 0, L_0000018d494c42b0;  1 drivers
v0000018d49413210_0 .net *"_ivl_206", 0 0, L_0000018d49460070;  1 drivers
v0000018d494133f0_0 .net *"_ivl_21", 0 0, L_0000018d494bfdb0;  1 drivers
v0000018d49445f40_0 .net *"_ivl_211", 0 0, L_0000018d494c3950;  1 drivers
v0000018d49446440_0 .net *"_ivl_213", 0 0, L_0000018d494c5250;  1 drivers
v0000018d49446e40_0 .net *"_ivl_214", 0 0, L_0000018d4945fac0;  1 drivers
v0000018d494454a0_0 .net *"_ivl_219", 0 0, L_0000018d494c34f0;  1 drivers
v0000018d49446080_0 .net *"_ivl_22", 0 0, L_0000018d4945fe40;  1 drivers
v0000018d49445680_0 .net *"_ivl_221", 0 0, L_0000018d494c3c70;  1 drivers
v0000018d49446120_0 .net *"_ivl_222", 0 0, L_0000018d49460000;  1 drivers
v0000018d49446760_0 .net *"_ivl_227", 0 0, L_0000018d494c3590;  1 drivers
v0000018d494464e0_0 .net *"_ivl_229", 0 0, L_0000018d494c47b0;  1 drivers
v0000018d49445a40_0 .net *"_ivl_230", 0 0, L_0000018d494600e0;  1 drivers
v0000018d494468a0_0 .net *"_ivl_235", 0 0, L_0000018d494c3630;  1 drivers
v0000018d49446f80_0 .net *"_ivl_237", 0 0, L_0000018d494c3270;  1 drivers
v0000018d49445c20_0 .net *"_ivl_238", 0 0, L_0000018d49460540;  1 drivers
v0000018d49437e40_0 .net *"_ivl_243", 0 0, L_0000018d494c5070;  1 drivers
v0000018d49438160_0 .net *"_ivl_245", 0 0, L_0000018d494c3450;  1 drivers
v0000018d49438fc0_0 .net *"_ivl_246", 0 0, L_0000018d4945fc80;  1 drivers
v0000018d49437c60_0 .net *"_ivl_251", 0 0, L_0000018d494c4030;  1 drivers
v0000018d49437f80_0 .net *"_ivl_253", 0 0, L_0000018d494c3db0;  1 drivers
v0000018d49439060_0 .net *"_ivl_254", 0 0, L_0000018d4945fc10;  1 drivers
v0000018d49438200_0 .net *"_ivl_259", 0 0, L_0000018d494c3310;  1 drivers
v0000018d49438660_0 .net *"_ivl_261", 0 0, L_0000018d494c33b0;  1 drivers
v0000018d49438840_0 .net *"_ivl_262", 0 0, L_0000018d49460230;  1 drivers
v0000018d49437620_0 .net *"_ivl_267", 0 0, L_0000018d494c54d0;  1 drivers
v0000018d494388e0_0 .net *"_ivl_269", 0 0, L_0000018d494c36d0;  1 drivers
v0000018d49438b60_0 .net *"_ivl_27", 0 0, L_0000018d494c02b0;  1 drivers
v0000018d494502a0_0 .net *"_ivl_270", 0 0, L_0000018d494c93e0;  1 drivers
v0000018d494505c0_0 .net *"_ivl_275", 0 0, L_0000018d494c40d0;  1 drivers
v0000018d49450f20_0 .net *"_ivl_277", 0 0, L_0000018d494c3770;  1 drivers
v0000018d49450520_0 .net *"_ivl_278", 0 0, L_0000018d494c8dc0;  1 drivers
v0000018d49451600_0 .net *"_ivl_283", 0 0, L_0000018d494c39f0;  1 drivers
v0000018d49451920_0 .net *"_ivl_285", 0 0, L_0000018d494c4670;  1 drivers
v0000018d49451ec0_0 .net *"_ivl_286", 0 0, L_0000018d494c8c70;  1 drivers
v0000018d49450840_0 .net *"_ivl_29", 0 0, L_0000018d494bfbd0;  1 drivers
v0000018d494519c0_0 .net *"_ivl_291", 0 0, L_0000018d494c3810;  1 drivers
v0000018d49451ba0_0 .net *"_ivl_293", 0 0, L_0000018d494c3a90;  1 drivers
v0000018d49451ce0_0 .net *"_ivl_294", 0 0, L_0000018d494c8e30;  1 drivers
v0000018d49451d80_0 .net *"_ivl_299", 0 0, L_0000018d494c3e50;  1 drivers
v0000018d4940ad40_0 .net *"_ivl_3", 0 0, L_0000018d494c05d0;  1 drivers
v0000018d4940a8e0_0 .net *"_ivl_30", 0 0, L_0000018d494605b0;  1 drivers
v0000018d4940af20_0 .net *"_ivl_301", 0 0, L_0000018d494c43f0;  1 drivers
v0000018d4940b1a0_0 .net *"_ivl_302", 0 0, L_0000018d494c9300;  1 drivers
v0000018d4940b240_0 .net *"_ivl_307", 0 0, L_0000018d494c51b0;  1 drivers
v0000018d4940b2e0_0 .net *"_ivl_309", 0 0, L_0000018d494c4df0;  1 drivers
v0000018d494ba370_0 .net *"_ivl_310", 0 0, L_0000018d494c95a0;  1 drivers
v0000018d494b9b50_0 .net *"_ivl_315", 0 0, L_0000018d494c57f0;  1 drivers
v0000018d494baf50_0 .net *"_ivl_317", 0 0, L_0000018d494c5430;  1 drivers
v0000018d494ba9b0_0 .net *"_ivl_318", 0 0, L_0000018d494c9530;  1 drivers
v0000018d494b9d30_0 .net *"_ivl_323", 0 0, L_0000018d494c3bd0;  1 drivers
v0000018d494b9e70_0 .net *"_ivl_325", 0 0, L_0000018d494c5890;  1 drivers
v0000018d494b9c90_0 .net *"_ivl_326", 0 0, L_0000018d494c8ea0;  1 drivers
v0000018d494ba2d0_0 .net *"_ivl_331", 0 0, L_0000018d494c4e90;  1 drivers
v0000018d494bad70_0 .net *"_ivl_333", 0 0, L_0000018d494c4850;  1 drivers
v0000018d494b9f10_0 .net *"_ivl_334", 0 0, L_0000018d494c9060;  1 drivers
v0000018d494ba7d0_0 .net *"_ivl_339", 0 0, L_0000018d494c4cb0;  1 drivers
v0000018d494b9fb0_0 .net *"_ivl_341", 0 0, L_0000018d494c56b0;  1 drivers
v0000018d494bab90_0 .net *"_ivl_342", 0 0, L_0000018d494c8ce0;  1 drivers
v0000018d494baaf0_0 .net *"_ivl_347", 0 0, L_0000018d494c3ef0;  1 drivers
v0000018d494ba190_0 .net *"_ivl_349", 0 0, L_0000018d494c4ad0;  1 drivers
v0000018d494ba410_0 .net *"_ivl_35", 0 0, L_0000018d494bef50;  1 drivers
v0000018d494ba050_0 .net *"_ivl_350", 0 0, L_0000018d494c9220;  1 drivers
v0000018d494ba910_0 .net *"_ivl_355", 0 0, L_0000018d494c4710;  1 drivers
v0000018d494bacd0_0 .net *"_ivl_357", 0 0, L_0000018d494c4f30;  1 drivers
v0000018d494bae10_0 .net *"_ivl_358", 0 0, L_0000018d494c8d50;  1 drivers
v0000018d494ba0f0_0 .net *"_ivl_363", 0 0, L_0000018d494c4fd0;  1 drivers
v0000018d494baa50_0 .net *"_ivl_365", 0 0, L_0000018d494c5110;  1 drivers
v0000018d494baeb0_0 .net *"_ivl_366", 0 0, L_0000018d494c97d0;  1 drivers
v0000018d494bb810_0 .net *"_ivl_37", 0 0, L_0000018d494bf630;  1 drivers
v0000018d494baff0_0 .net *"_ivl_371", 0 0, L_0000018d494c52f0;  1 drivers
v0000018d494b9dd0_0 .net *"_ivl_373", 0 0, L_0000018d494c5390;  1 drivers
v0000018d494ba230_0 .net *"_ivl_374", 0 0, L_0000018d494c8ab0;  1 drivers
v0000018d494ba4b0_0 .net *"_ivl_379", 0 0, L_0000018d494c48f0;  1 drivers
v0000018d494bb950_0 .net *"_ivl_38", 0 0, L_0000018d49460620;  1 drivers
v0000018d494bb770_0 .net *"_ivl_381", 0 0, L_0000018d494c5570;  1 drivers
v0000018d494bb8b0_0 .net *"_ivl_382", 0 0, L_0000018d494c8f10;  1 drivers
v0000018d494b9ab0_0 .net *"_ivl_387", 0 0, L_0000018d494c3b30;  1 drivers
v0000018d494bb090_0 .net *"_ivl_389", 0 0, L_0000018d494c4170;  1 drivers
v0000018d494bac30_0 .net *"_ivl_390", 0 0, L_0000018d494c8ff0;  1 drivers
v0000018d494ba550_0 .net *"_ivl_395", 0 0, L_0000018d494c3f90;  1 drivers
v0000018d494ba5f0_0 .net *"_ivl_397", 0 0, L_0000018d494c4210;  1 drivers
v0000018d494ba690_0 .net *"_ivl_398", 0 0, L_0000018d494c9140;  1 drivers
v0000018d494ba730_0 .net *"_ivl_403", 0 0, L_0000018d494c4350;  1 drivers
v0000018d494bb130_0 .net *"_ivl_405", 0 0, L_0000018d494c4490;  1 drivers
v0000018d494ba870_0 .net *"_ivl_406", 0 0, L_0000018d494c8c00;  1 drivers
v0000018d494bb1d0_0 .net *"_ivl_411", 0 0, L_0000018d494c4990;  1 drivers
v0000018d494bb270_0 .net *"_ivl_413", 0 0, L_0000018d494c4530;  1 drivers
v0000018d494bb310_0 .net *"_ivl_414", 0 0, L_0000018d494c91b0;  1 drivers
v0000018d494bb3b0_0 .net *"_ivl_419", 0 0, L_0000018d494c45d0;  1 drivers
v0000018d494bb450_0 .net *"_ivl_421", 0 0, L_0000018d494c4a30;  1 drivers
v0000018d494bb4f0_0 .net *"_ivl_422", 0 0, L_0000018d494c9290;  1 drivers
v0000018d494bb590_0 .net *"_ivl_427", 0 0, L_0000018d494c4b70;  1 drivers
v0000018d494bb630_0 .net *"_ivl_429", 0 0, L_0000018d494c6150;  1 drivers
v0000018d494bb6d0_0 .net *"_ivl_43", 0 0, L_0000018d494bfa90;  1 drivers
v0000018d494b9bf0_0 .net *"_ivl_430", 0 0, L_0000018d494c8a40;  1 drivers
v0000018d494bce00_0 .net *"_ivl_435", 0 0, L_0000018d494c5ed0;  1 drivers
v0000018d494bdd00_0 .net *"_ivl_437", 0 0, L_0000018d494c5c50;  1 drivers
v0000018d494bdc60_0 .net *"_ivl_438", 0 0, L_0000018d494c8f80;  1 drivers
v0000018d494bdf80_0 .net *"_ivl_443", 0 0, L_0000018d494c6970;  1 drivers
v0000018d494bd580_0 .net *"_ivl_445", 0 0, L_0000018d494c6010;  1 drivers
v0000018d494bdda0_0 .net *"_ivl_446", 0 0, L_0000018d494c96f0;  1 drivers
v0000018d494bcd60_0 .net *"_ivl_45", 0 0, L_0000018d494bff90;  1 drivers
v0000018d494be7a0_0 .net *"_ivl_451", 0 0, L_0000018d494c5f70;  1 drivers
v0000018d494be340_0 .net *"_ivl_453", 0 0, L_0000018d494c6650;  1 drivers
v0000018d494bcea0_0 .net *"_ivl_454", 0 0, L_0000018d494c90d0;  1 drivers
v0000018d494bd8a0_0 .net *"_ivl_459", 0 0, L_0000018d494c5b10;  1 drivers
v0000018d494be020_0 .net *"_ivl_46", 0 0, L_0000018d49460770;  1 drivers
v0000018d494bccc0_0 .net *"_ivl_461", 0 0, L_0000018d494c6470;  1 drivers
v0000018d494bcf40_0 .net *"_ivl_462", 0 0, L_0000018d494c9610;  1 drivers
v0000018d494bdbc0_0 .net *"_ivl_467", 0 0, L_0000018d494c6830;  1 drivers
v0000018d494bde40_0 .net *"_ivl_469", 0 0, L_0000018d494c6790;  1 drivers
v0000018d494be3e0_0 .net *"_ivl_470", 0 0, L_0000018d494c9370;  1 drivers
v0000018d494bcc20_0 .net *"_ivl_475", 0 0, L_0000018d494c6510;  1 drivers
v0000018d494be660_0 .net *"_ivl_477", 0 0, L_0000018d494c60b0;  1 drivers
v0000018d494be840_0 .net *"_ivl_478", 0 0, L_0000018d494c8b20;  1 drivers
v0000018d494bdee0_0 .net *"_ivl_483", 0 0, L_0000018d494c68d0;  1 drivers
v0000018d494be200_0 .net *"_ivl_485", 0 0, L_0000018d494c6e70;  1 drivers
v0000018d494bcb80_0 .net *"_ivl_486", 0 0, L_0000018d494c9680;  1 drivers
v0000018d494bd440_0 .net *"_ivl_491", 0 0, L_0000018d494c5a70;  1 drivers
v0000018d494bcae0_0 .net *"_ivl_493", 0 0, L_0000018d494c59d0;  1 drivers
v0000018d494bcfe0_0 .net *"_ivl_494", 0 0, L_0000018d494c9760;  1 drivers
v0000018d494bd1c0_0 .net *"_ivl_499", 0 0, L_0000018d494c6c90;  1 drivers
v0000018d494be700_0 .net *"_ivl_5", 0 0, L_0000018d494beaf0;  1 drivers
v0000018d494bd120_0 .net *"_ivl_501", 0 0, L_0000018d494c6bf0;  1 drivers
v0000018d494bd4e0_0 .net *"_ivl_502", 0 0, L_0000018d494c8b90;  1 drivers
v0000018d494be520_0 .net *"_ivl_508", 0 0, L_0000018d494c65b0;  1 drivers
v0000018d494be0c0_0 .net *"_ivl_51", 0 0, L_0000018d494bee10;  1 drivers
v0000018d494bd260_0 .net *"_ivl_510", 0 0, L_0000018d494c5d90;  1 drivers
v0000018d494bd940_0 .net *"_ivl_511", 0 0, L_0000018d494c9450;  1 drivers
v0000018d494bd9e0_0 .net *"_ivl_53", 0 0, L_0000018d494bf090;  1 drivers
v0000018d494be160_0 .net *"_ivl_54", 0 0, L_0000018d49460700;  1 drivers
v0000018d494bd6c0_0 .net *"_ivl_59", 0 0, L_0000018d494bfd10;  1 drivers
v0000018d494be2a0_0 .net *"_ivl_6", 0 0, L_0000018d49460460;  1 drivers
v0000018d494be480_0 .net *"_ivl_61", 0 0, L_0000018d494c00d0;  1 drivers
v0000018d494bda80_0 .net *"_ivl_62", 0 0, L_0000018d4945fcf0;  1 drivers
v0000018d494be5c0_0 .net *"_ivl_67", 0 0, L_0000018d494bf130;  1 drivers
v0000018d494bd760_0 .net *"_ivl_69", 0 0, L_0000018d494c0490;  1 drivers
v0000018d494be8e0_0 .net *"_ivl_70", 0 0, L_0000018d494602a0;  1 drivers
v0000018d494bd080_0 .net *"_ivl_75", 0 0, L_0000018d494c0350;  1 drivers
v0000018d494be980_0 .net *"_ivl_77", 0 0, L_0000018d494bf270;  1 drivers
v0000018d494bd300_0 .net *"_ivl_78", 0 0, L_0000018d494604d0;  1 drivers
v0000018d494bd3a0_0 .net *"_ivl_83", 0 0, L_0000018d494c03f0;  1 drivers
v0000018d494bd620_0 .net *"_ivl_85", 0 0, L_0000018d494bf310;  1 drivers
v0000018d494bd800_0 .net *"_ivl_86", 0 0, L_0000018d49460310;  1 drivers
v0000018d494bdb20_0 .net *"_ivl_91", 0 0, L_0000018d494bf8b0;  1 drivers
v0000018d494c0850_0 .net *"_ivl_93", 0 0, L_0000018d494c0670;  1 drivers
v0000018d494beff0_0 .net *"_ivl_94", 0 0, L_0000018d4945feb0;  1 drivers
v0000018d494c0210_0 .net *"_ivl_99", 0 0, L_0000018d494bf3b0;  1 drivers
v0000018d494bfc70_0 .net "pp", 63 0, L_0000018d494c6dd0;  alias, 1 drivers
L_0000018d494c05d0 .part v0000018d494c0030_0, 0, 1;
L_0000018d494beaf0 .part v0000018d494bf1d0_0, 0, 1;
L_0000018d494bf4f0 .part v0000018d494c0030_0, 1, 1;
L_0000018d494beeb0 .part v0000018d494bf1d0_0, 0, 1;
L_0000018d494bf9f0 .part v0000018d494c0030_0, 2, 1;
L_0000018d494bfdb0 .part v0000018d494bf1d0_0, 0, 1;
L_0000018d494c02b0 .part v0000018d494c0030_0, 3, 1;
L_0000018d494bfbd0 .part v0000018d494bf1d0_0, 0, 1;
L_0000018d494bef50 .part v0000018d494c0030_0, 4, 1;
L_0000018d494bf630 .part v0000018d494bf1d0_0, 0, 1;
L_0000018d494bfa90 .part v0000018d494c0030_0, 5, 1;
L_0000018d494bff90 .part v0000018d494bf1d0_0, 0, 1;
L_0000018d494bee10 .part v0000018d494c0030_0, 6, 1;
L_0000018d494bf090 .part v0000018d494bf1d0_0, 0, 1;
L_0000018d494bfd10 .part v0000018d494c0030_0, 7, 1;
L_0000018d494c00d0 .part v0000018d494bf1d0_0, 0, 1;
L_0000018d494bf130 .part v0000018d494c0030_0, 0, 1;
L_0000018d494c0490 .part v0000018d494bf1d0_0, 1, 1;
L_0000018d494c0350 .part v0000018d494c0030_0, 1, 1;
L_0000018d494bf270 .part v0000018d494bf1d0_0, 1, 1;
L_0000018d494c03f0 .part v0000018d494c0030_0, 2, 1;
L_0000018d494bf310 .part v0000018d494bf1d0_0, 1, 1;
L_0000018d494bf8b0 .part v0000018d494c0030_0, 3, 1;
L_0000018d494c0670 .part v0000018d494bf1d0_0, 1, 1;
L_0000018d494bf3b0 .part v0000018d494c0030_0, 4, 1;
L_0000018d494bf450 .part v0000018d494bf1d0_0, 1, 1;
L_0000018d494bfe50 .part v0000018d494c0030_0, 5, 1;
L_0000018d494bf590 .part v0000018d494bf1d0_0, 1, 1;
L_0000018d494bfef0 .part v0000018d494c0030_0, 6, 1;
L_0000018d494bf6d0 .part v0000018d494bf1d0_0, 1, 1;
L_0000018d494bf770 .part v0000018d494c0030_0, 7, 1;
L_0000018d494c0530 .part v0000018d494bf1d0_0, 1, 1;
L_0000018d494c08f0 .part v0000018d494c0030_0, 0, 1;
L_0000018d494bf810 .part v0000018d494bf1d0_0, 2, 1;
L_0000018d494bf950 .part v0000018d494c0030_0, 1, 1;
L_0000018d494bfb30 .part v0000018d494bf1d0_0, 2, 1;
L_0000018d494c0710 .part v0000018d494c0030_0, 2, 1;
L_0000018d494c07b0 .part v0000018d494bf1d0_0, 2, 1;
L_0000018d494c0990 .part v0000018d494c0030_0, 3, 1;
L_0000018d494beb90 .part v0000018d494bf1d0_0, 2, 1;
L_0000018d494bec30 .part v0000018d494c0030_0, 4, 1;
L_0000018d494becd0 .part v0000018d494bf1d0_0, 2, 1;
L_0000018d494bed70 .part v0000018d494c0030_0, 5, 1;
L_0000018d494c3130 .part v0000018d494bf1d0_0, 2, 1;
L_0000018d494c31d0 .part v0000018d494c0030_0, 6, 1;
L_0000018d494c5610 .part v0000018d494bf1d0_0, 2, 1;
L_0000018d494c4d50 .part v0000018d494c0030_0, 7, 1;
L_0000018d494c38b0 .part v0000018d494bf1d0_0, 2, 1;
L_0000018d494c4c10 .part v0000018d494c0030_0, 0, 1;
L_0000018d494c5750 .part v0000018d494bf1d0_0, 3, 1;
L_0000018d494c3d10 .part v0000018d494c0030_0, 1, 1;
L_0000018d494c42b0 .part v0000018d494bf1d0_0, 3, 1;
L_0000018d494c3950 .part v0000018d494c0030_0, 2, 1;
L_0000018d494c5250 .part v0000018d494bf1d0_0, 3, 1;
L_0000018d494c34f0 .part v0000018d494c0030_0, 3, 1;
L_0000018d494c3c70 .part v0000018d494bf1d0_0, 3, 1;
L_0000018d494c3590 .part v0000018d494c0030_0, 4, 1;
L_0000018d494c47b0 .part v0000018d494bf1d0_0, 3, 1;
L_0000018d494c3630 .part v0000018d494c0030_0, 5, 1;
L_0000018d494c3270 .part v0000018d494bf1d0_0, 3, 1;
L_0000018d494c5070 .part v0000018d494c0030_0, 6, 1;
L_0000018d494c3450 .part v0000018d494bf1d0_0, 3, 1;
L_0000018d494c4030 .part v0000018d494c0030_0, 7, 1;
L_0000018d494c3db0 .part v0000018d494bf1d0_0, 3, 1;
L_0000018d494c3310 .part v0000018d494c0030_0, 0, 1;
L_0000018d494c33b0 .part v0000018d494bf1d0_0, 4, 1;
L_0000018d494c54d0 .part v0000018d494c0030_0, 1, 1;
L_0000018d494c36d0 .part v0000018d494bf1d0_0, 4, 1;
L_0000018d494c40d0 .part v0000018d494c0030_0, 2, 1;
L_0000018d494c3770 .part v0000018d494bf1d0_0, 4, 1;
L_0000018d494c39f0 .part v0000018d494c0030_0, 3, 1;
L_0000018d494c4670 .part v0000018d494bf1d0_0, 4, 1;
L_0000018d494c3810 .part v0000018d494c0030_0, 4, 1;
L_0000018d494c3a90 .part v0000018d494bf1d0_0, 4, 1;
L_0000018d494c3e50 .part v0000018d494c0030_0, 5, 1;
L_0000018d494c43f0 .part v0000018d494bf1d0_0, 4, 1;
L_0000018d494c51b0 .part v0000018d494c0030_0, 6, 1;
L_0000018d494c4df0 .part v0000018d494bf1d0_0, 4, 1;
L_0000018d494c57f0 .part v0000018d494c0030_0, 7, 1;
L_0000018d494c5430 .part v0000018d494bf1d0_0, 4, 1;
L_0000018d494c3bd0 .part v0000018d494c0030_0, 0, 1;
L_0000018d494c5890 .part v0000018d494bf1d0_0, 5, 1;
L_0000018d494c4e90 .part v0000018d494c0030_0, 1, 1;
L_0000018d494c4850 .part v0000018d494bf1d0_0, 5, 1;
L_0000018d494c4cb0 .part v0000018d494c0030_0, 2, 1;
L_0000018d494c56b0 .part v0000018d494bf1d0_0, 5, 1;
L_0000018d494c3ef0 .part v0000018d494c0030_0, 3, 1;
L_0000018d494c4ad0 .part v0000018d494bf1d0_0, 5, 1;
L_0000018d494c4710 .part v0000018d494c0030_0, 4, 1;
L_0000018d494c4f30 .part v0000018d494bf1d0_0, 5, 1;
L_0000018d494c4fd0 .part v0000018d494c0030_0, 5, 1;
L_0000018d494c5110 .part v0000018d494bf1d0_0, 5, 1;
L_0000018d494c52f0 .part v0000018d494c0030_0, 6, 1;
L_0000018d494c5390 .part v0000018d494bf1d0_0, 5, 1;
L_0000018d494c48f0 .part v0000018d494c0030_0, 7, 1;
L_0000018d494c5570 .part v0000018d494bf1d0_0, 5, 1;
L_0000018d494c3b30 .part v0000018d494c0030_0, 0, 1;
L_0000018d494c4170 .part v0000018d494bf1d0_0, 6, 1;
L_0000018d494c3f90 .part v0000018d494c0030_0, 1, 1;
L_0000018d494c4210 .part v0000018d494bf1d0_0, 6, 1;
L_0000018d494c4350 .part v0000018d494c0030_0, 2, 1;
L_0000018d494c4490 .part v0000018d494bf1d0_0, 6, 1;
L_0000018d494c4990 .part v0000018d494c0030_0, 3, 1;
L_0000018d494c4530 .part v0000018d494bf1d0_0, 6, 1;
L_0000018d494c45d0 .part v0000018d494c0030_0, 4, 1;
L_0000018d494c4a30 .part v0000018d494bf1d0_0, 6, 1;
L_0000018d494c4b70 .part v0000018d494c0030_0, 5, 1;
L_0000018d494c6150 .part v0000018d494bf1d0_0, 6, 1;
L_0000018d494c5ed0 .part v0000018d494c0030_0, 6, 1;
L_0000018d494c5c50 .part v0000018d494bf1d0_0, 6, 1;
L_0000018d494c6970 .part v0000018d494c0030_0, 7, 1;
L_0000018d494c6010 .part v0000018d494bf1d0_0, 6, 1;
L_0000018d494c5f70 .part v0000018d494c0030_0, 0, 1;
L_0000018d494c6650 .part v0000018d494bf1d0_0, 7, 1;
L_0000018d494c5b10 .part v0000018d494c0030_0, 1, 1;
L_0000018d494c6470 .part v0000018d494bf1d0_0, 7, 1;
L_0000018d494c6830 .part v0000018d494c0030_0, 2, 1;
L_0000018d494c6790 .part v0000018d494bf1d0_0, 7, 1;
L_0000018d494c6510 .part v0000018d494c0030_0, 3, 1;
L_0000018d494c60b0 .part v0000018d494bf1d0_0, 7, 1;
L_0000018d494c68d0 .part v0000018d494c0030_0, 4, 1;
L_0000018d494c6e70 .part v0000018d494bf1d0_0, 7, 1;
L_0000018d494c5a70 .part v0000018d494c0030_0, 5, 1;
L_0000018d494c59d0 .part v0000018d494bf1d0_0, 7, 1;
L_0000018d494c6c90 .part v0000018d494c0030_0, 6, 1;
L_0000018d494c6bf0 .part v0000018d494bf1d0_0, 7, 1;
LS_0000018d494c6dd0_0_0 .concat8 [ 1 1 1 1], L_0000018d49460460, L_0000018d494607e0, L_0000018d4945fe40, L_0000018d494605b0;
LS_0000018d494c6dd0_0_4 .concat8 [ 1 1 1 1], L_0000018d49460620, L_0000018d49460770, L_0000018d49460700, L_0000018d4945fcf0;
LS_0000018d494c6dd0_0_8 .concat8 [ 1 1 1 1], L_0000018d494602a0, L_0000018d494604d0, L_0000018d49460310, L_0000018d4945feb0;
LS_0000018d494c6dd0_0_12 .concat8 [ 1 1 1 1], L_0000018d4945fdd0, L_0000018d494603f0, L_0000018d494601c0, L_0000018d49460380;
LS_0000018d494c6dd0_0_16 .concat8 [ 1 1 1 1], L_0000018d4945ff20, L_0000018d4945fd60, L_0000018d4945fba0, L_0000018d49460690;
LS_0000018d494c6dd0_0_20 .concat8 [ 1 1 1 1], L_0000018d49460850, L_0000018d4945ff90, L_0000018d4945fa50, L_0000018d494608c0;
LS_0000018d494c6dd0_0_24 .concat8 [ 1 1 1 1], L_0000018d4945f9e0, L_0000018d49460070, L_0000018d4945fac0, L_0000018d49460000;
LS_0000018d494c6dd0_0_28 .concat8 [ 1 1 1 1], L_0000018d494600e0, L_0000018d49460540, L_0000018d4945fc80, L_0000018d4945fc10;
LS_0000018d494c6dd0_0_32 .concat8 [ 1 1 1 1], L_0000018d49460230, L_0000018d494c93e0, L_0000018d494c8dc0, L_0000018d494c8c70;
LS_0000018d494c6dd0_0_36 .concat8 [ 1 1 1 1], L_0000018d494c8e30, L_0000018d494c9300, L_0000018d494c95a0, L_0000018d494c9530;
LS_0000018d494c6dd0_0_40 .concat8 [ 1 1 1 1], L_0000018d494c8ea0, L_0000018d494c9060, L_0000018d494c8ce0, L_0000018d494c9220;
LS_0000018d494c6dd0_0_44 .concat8 [ 1 1 1 1], L_0000018d494c8d50, L_0000018d494c97d0, L_0000018d494c8ab0, L_0000018d494c8f10;
LS_0000018d494c6dd0_0_48 .concat8 [ 1 1 1 1], L_0000018d494c8ff0, L_0000018d494c9140, L_0000018d494c8c00, L_0000018d494c91b0;
LS_0000018d494c6dd0_0_52 .concat8 [ 1 1 1 1], L_0000018d494c9290, L_0000018d494c8a40, L_0000018d494c8f80, L_0000018d494c96f0;
LS_0000018d494c6dd0_0_56 .concat8 [ 1 1 1 1], L_0000018d494c90d0, L_0000018d494c9610, L_0000018d494c9370, L_0000018d494c8b20;
LS_0000018d494c6dd0_0_60 .concat8 [ 1 1 1 1], L_0000018d494c9680, L_0000018d494c9760, L_0000018d494c8b90, L_0000018d494c9450;
LS_0000018d494c6dd0_1_0 .concat8 [ 4 4 4 4], LS_0000018d494c6dd0_0_0, LS_0000018d494c6dd0_0_4, LS_0000018d494c6dd0_0_8, LS_0000018d494c6dd0_0_12;
LS_0000018d494c6dd0_1_4 .concat8 [ 4 4 4 4], LS_0000018d494c6dd0_0_16, LS_0000018d494c6dd0_0_20, LS_0000018d494c6dd0_0_24, LS_0000018d494c6dd0_0_28;
LS_0000018d494c6dd0_1_8 .concat8 [ 4 4 4 4], LS_0000018d494c6dd0_0_32, LS_0000018d494c6dd0_0_36, LS_0000018d494c6dd0_0_40, LS_0000018d494c6dd0_0_44;
LS_0000018d494c6dd0_1_12 .concat8 [ 4 4 4 4], LS_0000018d494c6dd0_0_48, LS_0000018d494c6dd0_0_52, LS_0000018d494c6dd0_0_56, LS_0000018d494c6dd0_0_60;
L_0000018d494c6dd0 .concat8 [ 16 16 16 16], LS_0000018d494c6dd0_1_0, LS_0000018d494c6dd0_1_4, LS_0000018d494c6dd0_1_8, LS_0000018d494c6dd0_1_12;
L_0000018d494c65b0 .part v0000018d494c0030_0, 7, 1;
L_0000018d494c5d90 .part v0000018d494bf1d0_0, 7, 1;
    .scope S_0000018d49461c80;
T_0 ;
    %vpi_call/w 3 16 "$dumpfile", "waves/partial_product_generator.vcd" {0 0 0};
    %vpi_call/w 3 17 "$dumpvars", 32'sb00000000000000000000000000000000, S_0000018d49461c80 {0 0 0};
    %pushi/vec4 3, 0, 8;
    %store/vec4 v0000018d494c0030_0, 0, 8;
    %pushi/vec4 5, 0, 8;
    %store/vec4 v0000018d494bf1d0_0, 0, 8;
    %delay 10000, 0;
    %vpi_call/w 3 23 "$display", "A = %b", v0000018d494c0030_0 {0 0 0};
    %vpi_call/w 3 24 "$display", "B = %b", v0000018d494bf1d0_0 {0 0 0};
    %vpi_call/w 3 25 "$display", "Partial Products = %b", v0000018d494c0170_0 {0 0 0};
    %vpi_call/w 3 27 "$finish" {0 0 0};
    %end;
    .thread T_0;
# The file index is used to find the file name in the following table.
:file_names 5;
    "N/A";
    "<interactive>";
    "-";
    "tb\tb_partial_product_generator.sv";
    "rtl\partial_product_generator.sv";
