#! 
:ivl_version "14.0 (devel)" "(s20260301-322-ga4989d023-dirty)";
:ivl_delay_selection "TYPICAL";
:vpi_time_precision - 12;
:vpi_module "E:\OSS-CA~1\lib\ivl\system.vpi";
:vpi_module "E:\OSS-CA~1\lib\ivl\vhdl_sys.vpi";
:vpi_module "E:\OSS-CA~1\lib\ivl\vhdl_textio.vpi";
:vpi_module "E:\OSS-CA~1\lib\ivl\v2005_math.vpi";
:vpi_module "E:\OSS-CA~1\lib\ivl\va_math.vpi";
:vpi_module "E:\OSS-CA~1\lib\ivl\v2009.vpi";
S_0000022149af31e0 .scope package, "$unit" "$unit" 2 1;
 .timescale 0 0;
S_0000022149af2f60 .scope module, "tb_register_16" "tb_register_16" 3 3;
 .timescale -9 -12;
v0000022149b5bb10_0 .var "D", 15 0;
v0000022149b5b610_0 .net "Q", 15 0, L_0000022149b5c970;  1 drivers
v0000022149b5c5b0_0 .var "clk", 0 0;
v0000022149b5afd0_0 .var "rst", 0 0;
S_0000022149b03820 .scope module, "DUT" "register_16" 3 18, 4 1 0, S_0000022149af2f60;
 .timescale 0 0;
    .port_info 0 /INPUT 1 "clk";
    .port_info 1 /INPUT 1 "rst";
    .port_info 2 /INPUT 16 "D";
    .port_info 3 /OUTPUT 16 "Q";
v0000022149b5b750_0 .net "D", 15 0, v0000022149b5bb10_0;  1 drivers
v0000022149b5c8d0_0 .net "Q", 15 0, L_0000022149b5c970;  alias, 1 drivers
v0000022149b5b250_0 .net "clk", 0 0, v0000022149b5c5b0_0;  1 drivers
v0000022149b5c510_0 .net "rst", 0 0, v0000022149b5afd0_0;  1 drivers
L_0000022149b5c830 .part v0000022149b5bb10_0, 0, 1;
L_0000022149b5cd30 .part v0000022149b5bb10_0, 1, 1;
L_0000022149b5c470 .part v0000022149b5bb10_0, 2, 1;
L_0000022149b5c150 .part v0000022149b5bb10_0, 3, 1;
L_0000022149b5c6f0 .part v0000022149b5bb10_0, 4, 1;
L_0000022149b5b7f0 .part v0000022149b5bb10_0, 5, 1;
L_0000022149b5b9d0 .part v0000022149b5bb10_0, 6, 1;
L_0000022149b5ca10 .part v0000022149b5bb10_0, 7, 1;
L_0000022149b5bd90 .part v0000022149b5bb10_0, 8, 1;
L_0000022149b5b1b0 .part v0000022149b5bb10_0, 9, 1;
L_0000022149b5b4d0 .part v0000022149b5bb10_0, 10, 1;
L_0000022149b5bbb0 .part v0000022149b5bb10_0, 11, 1;
L_0000022149b5b930 .part v0000022149b5bb10_0, 12, 1;
L_0000022149b5cc90 .part v0000022149b5bb10_0, 13, 1;
L_0000022149b5b570 .part v0000022149b5bb10_0, 14, 1;
L_0000022149b5cab0 .part v0000022149b5bb10_0, 15, 1;
LS_0000022149b5c970_0_0 .concat8 [ 1 1 1 1], v0000022149afdbe0_0, v0000022149afcce0_0, v0000022149afcd80_0, v0000022149afd8c0_0;
LS_0000022149b5c970_0_4 .concat8 [ 1 1 1 1], v0000022149afc4c0_0, v0000022149afd000_0, v0000022149afc880_0, v0000022149afc9c0_0;
LS_0000022149b5c970_0_8 .concat8 [ 1 1 1 1], v0000022149afdb40_0, v0000022149afc100_0, v0000022149afc7e0_0, v0000022149af4840_0;
LS_0000022149b5c970_0_12 .concat8 [ 1 1 1 1], v0000022149af4660_0, v0000022149af4520_0, v0000022149af4d40_0, v0000022149af4200_0;
L_0000022149b5c970 .concat8 [ 4 4 4 4], LS_0000022149b5c970_0_0, LS_0000022149b5c970_0_4, LS_0000022149b5c970_0_8, LS_0000022149b5c970_0_12;
S_0000022149b04d90 .scope generate, "REG_BITS[0]" "REG_BITS[0]" 4 14, 4 14 0, S_0000022149b03820;
 .timescale 0 0;
P_0000022149b04120 .param/l "i" 1 4 14, +C4<00>;
S_0000022149b04f20 .scope module, "DFF" "d_flip_flop" 4 16, 5 1 0, S_0000022149b04d90;
 .timescale 0 0;
    .port_info 0 /INPUT 1 "clk";
    .port_info 1 /INPUT 1 "rst";
    .port_info 2 /INPUT 1 "D";
    .port_info 3 /OUTPUT 1 "Q";
v0000022149afc600_0 .net "D", 0 0, L_0000022149b5c830;  1 drivers
v0000022149afdbe0_0 .var "Q", 0 0;
v0000022149afd780_0 .net "clk", 0 0, v0000022149b5c5b0_0;  alias, 1 drivers
v0000022149afd640_0 .net "rst", 0 0, v0000022149b5afd0_0;  alias, 1 drivers
E_0000022149b03b20 .event posedge, v0000022149afd640_0, v0000022149afd780_0;
S_0000022149ae97e0 .scope generate, "REG_BITS[1]" "REG_BITS[1]" 4 14, 4 14 0, S_0000022149b03820;
 .timescale 0 0;
P_0000022149b04920 .param/l "i" 1 4 14, +C4<01>;
S_0000022149ae9970 .scope module, "DFF" "d_flip_flop" 4 16, 5 1 0, S_0000022149ae97e0;
 .timescale 0 0;
    .port_info 0 /INPUT 1 "clk";
    .port_info 1 /INPUT 1 "rst";
    .port_info 2 /INPUT 1 "D";
    .port_info 3 /OUTPUT 1 "Q";
v0000022149afcc40_0 .net "D", 0 0, L_0000022149b5cd30;  1 drivers
v0000022149afcce0_0 .var "Q", 0 0;
v0000022149afdc80_0 .net "clk", 0 0, v0000022149b5c5b0_0;  alias, 1 drivers
v0000022149afd320_0 .net "rst", 0 0, v0000022149b5afd0_0;  alias, 1 drivers
S_0000022149ae9b00 .scope generate, "REG_BITS[2]" "REG_BITS[2]" 4 14, 4 14 0, S_0000022149b03820;
 .timescale 0 0;
P_0000022149b03f60 .param/l "i" 1 4 14, +C4<010>;
S_0000022149ab6320 .scope module, "DFF" "d_flip_flop" 4 16, 5 1 0, S_0000022149ae9b00;
 .timescale 0 0;
    .port_info 0 /INPUT 1 "clk";
    .port_info 1 /INPUT 1 "rst";
    .port_info 2 /INPUT 1 "D";
    .port_info 3 /OUTPUT 1 "Q";
v0000022149afda00_0 .net "D", 0 0, L_0000022149b5c470;  1 drivers
v0000022149afcd80_0 .var "Q", 0 0;
v0000022149afcec0_0 .net "clk", 0 0, v0000022149b5c5b0_0;  alias, 1 drivers
v0000022149afcf60_0 .net "rst", 0 0, v0000022149b5afd0_0;  alias, 1 drivers
S_0000022149ab64b0 .scope generate, "REG_BITS[3]" "REG_BITS[3]" 4 14, 4 14 0, S_0000022149b03820;
 .timescale 0 0;
P_0000022149b03e60 .param/l "i" 1 4 14, +C4<011>;
S_0000022149ab6640 .scope module, "DFF" "d_flip_flop" 4 16, 5 1 0, S_0000022149ab64b0;
 .timescale 0 0;
    .port_info 0 /INPUT 1 "clk";
    .port_info 1 /INPUT 1 "rst";
    .port_info 2 /INPUT 1 "D";
    .port_info 3 /OUTPUT 1 "Q";
v0000022149afbde0_0 .net "D", 0 0, L_0000022149b5c150;  1 drivers
v0000022149afd8c0_0 .var "Q", 0 0;
v0000022149afc6a0_0 .net "clk", 0 0, v0000022149b5c5b0_0;  alias, 1 drivers
v0000022149afd1e0_0 .net "rst", 0 0, v0000022149b5afd0_0;  alias, 1 drivers
S_0000022149af6950 .scope generate, "REG_BITS[4]" "REG_BITS[4]" 4 14, 4 14 0, S_0000022149b03820;
 .timescale 0 0;
P_0000022149b03fa0 .param/l "i" 1 4 14, +C4<0100>;
S_0000022149af6ae0 .scope module, "DFF" "d_flip_flop" 4 16, 5 1 0, S_0000022149af6950;
 .timescale 0 0;
    .port_info 0 /INPUT 1 "clk";
    .port_info 1 /INPUT 1 "rst";
    .port_info 2 /INPUT 1 "D";
    .port_info 3 /OUTPUT 1 "Q";
v0000022149afd460_0 .net "D", 0 0, L_0000022149b5c6f0;  1 drivers
v0000022149afc4c0_0 .var "Q", 0 0;
v0000022149afd5a0_0 .net "clk", 0 0, v0000022149b5c5b0_0;  alias, 1 drivers
v0000022149afd3c0_0 .net "rst", 0 0, v0000022149b5afd0_0;  alias, 1 drivers
S_0000022149af6c70 .scope generate, "REG_BITS[5]" "REG_BITS[5]" 4 14, 4 14 0, S_0000022149b03820;
 .timescale 0 0;
P_0000022149b03ea0 .param/l "i" 1 4 14, +C4<0101>;
S_0000022149af6e00 .scope module, "DFF" "d_flip_flop" 4 16, 5 1 0, S_0000022149af6c70;
 .timescale 0 0;
    .port_info 0 /INPUT 1 "clk";
    .port_info 1 /INPUT 1 "rst";
    .port_info 2 /INPUT 1 "D";
    .port_info 3 /OUTPUT 1 "Q";
v0000022149afc420_0 .net "D", 0 0, L_0000022149b5b7f0;  1 drivers
v0000022149afd000_0 .var "Q", 0 0;
v0000022149afbe80_0 .net "clk", 0 0, v0000022149b5c5b0_0;  alias, 1 drivers
v0000022149afd500_0 .net "rst", 0 0, v0000022149b5afd0_0;  alias, 1 drivers
S_0000022149af6f90 .scope generate, "REG_BITS[6]" "REG_BITS[6]" 4 14, 4 14 0, S_0000022149b03820;
 .timescale 0 0;
P_0000022149b04420 .param/l "i" 1 4 14, +C4<0110>;
S_0000022149b02600 .scope module, "DFF" "d_flip_flop" 4 16, 5 1 0, S_0000022149af6f90;
 .timescale 0 0;
    .port_info 0 /INPUT 1 "clk";
    .port_info 1 /INPUT 1 "rst";
    .port_info 2 /INPUT 1 "D";
    .port_info 3 /OUTPUT 1 "Q";
v0000022149afd0a0_0 .net "D", 0 0, L_0000022149b5b9d0;  1 drivers
v0000022149afc880_0 .var "Q", 0 0;
v0000022149afbf20_0 .net "clk", 0 0, v0000022149b5c5b0_0;  alias, 1 drivers
v0000022149afc920_0 .net "rst", 0 0, v0000022149b5afd0_0;  alias, 1 drivers
S_0000022149b583c0 .scope generate, "REG_BITS[7]" "REG_BITS[7]" 4 14, 4 14 0, S_0000022149b03820;
 .timescale 0 0;
P_0000022149b04060 .param/l "i" 1 4 14, +C4<0111>;
S_0000022149b58870 .scope module, "DFF" "d_flip_flop" 4 16, 5 1 0, S_0000022149b583c0;
 .timescale 0 0;
    .port_info 0 /INPUT 1 "clk";
    .port_info 1 /INPUT 1 "rst";
    .port_info 2 /INPUT 1 "D";
    .port_info 3 /OUTPUT 1 "Q";
v0000022149afbfc0_0 .net "D", 0 0, L_0000022149b5ca10;  1 drivers
v0000022149afc9c0_0 .var "Q", 0 0;
v0000022149afcb00_0 .net "clk", 0 0, v0000022149b5c5b0_0;  alias, 1 drivers
v0000022149afd140_0 .net "rst", 0 0, v0000022149b5afd0_0;  alias, 1 drivers
S_0000022149b580a0 .scope generate, "REG_BITS[8]" "REG_BITS[8]" 4 14, 4 14 0, S_0000022149b03820;
 .timescale 0 0;
P_0000022149b042a0 .param/l "i" 1 4 14, +C4<01000>;
S_0000022149b58a00 .scope module, "DFF" "d_flip_flop" 4 16, 5 1 0, S_0000022149b580a0;
 .timescale 0 0;
    .port_info 0 /INPUT 1 "clk";
    .port_info 1 /INPUT 1 "rst";
    .port_info 2 /INPUT 1 "D";
    .port_info 3 /OUTPUT 1 "Q";
v0000022149afd6e0_0 .net "D", 0 0, L_0000022149b5bd90;  1 drivers
v0000022149afdb40_0 .var "Q", 0 0;
v0000022149afc060_0 .net "clk", 0 0, v0000022149b5c5b0_0;  alias, 1 drivers
v0000022149afd280_0 .net "rst", 0 0, v0000022149b5afd0_0;  alias, 1 drivers
S_0000022149b58b90 .scope generate, "REG_BITS[9]" "REG_BITS[9]" 4 14, 4 14 0, S_0000022149b03820;
 .timescale 0 0;
P_0000022149b049a0 .param/l "i" 1 4 14, +C4<01001>;
S_0000022149b58230 .scope module, "DFF" "d_flip_flop" 4 16, 5 1 0, S_0000022149b58b90;
 .timescale 0 0;
    .port_info 0 /INPUT 1 "clk";
    .port_info 1 /INPUT 1 "rst";
    .port_info 2 /INPUT 1 "D";
    .port_info 3 /OUTPUT 1 "Q";
v0000022149afdaa0_0 .net "D", 0 0, L_0000022149b5b1b0;  1 drivers
v0000022149afc100_0 .var "Q", 0 0;
v0000022149afc1a0_0 .net "clk", 0 0, v0000022149b5c5b0_0;  alias, 1 drivers
v0000022149afc240_0 .net "rst", 0 0, v0000022149b5afd0_0;  alias, 1 drivers
S_0000022149b58d20 .scope generate, "REG_BITS[10]" "REG_BITS[10]" 4 14, 4 14 0, S_0000022149b03820;
 .timescale 0 0;
P_0000022149b03c60 .param/l "i" 1 4 14, +C4<01010>;
S_0000022149b58550 .scope module, "DFF" "d_flip_flop" 4 16, 5 1 0, S_0000022149b58d20;
 .timescale 0 0;
    .port_info 0 /INPUT 1 "clk";
    .port_info 1 /INPUT 1 "rst";
    .port_info 2 /INPUT 1 "D";
    .port_info 3 /OUTPUT 1 "Q";
v0000022149afc2e0_0 .net "D", 0 0, L_0000022149b5b4d0;  1 drivers
v0000022149afc7e0_0 .var "Q", 0 0;
v0000022149afcba0_0 .net "clk", 0 0, v0000022149b5c5b0_0;  alias, 1 drivers
v0000022149af42a0_0 .net "rst", 0 0, v0000022149b5afd0_0;  alias, 1 drivers
S_0000022149b586e0 .scope generate, "REG_BITS[11]" "REG_BITS[11]" 4 14, 4 14 0, S_0000022149b03820;
 .timescale 0 0;
P_0000022149b046a0 .param/l "i" 1 4 14, +C4<01011>;
S_0000022149b57f10 .scope module, "DFF" "d_flip_flop" 4 16, 5 1 0, S_0000022149b586e0;
 .timescale 0 0;
    .port_info 0 /INPUT 1 "clk";
    .port_info 1 /INPUT 1 "rst";
    .port_info 2 /INPUT 1 "D";
    .port_info 3 /OUTPUT 1 "Q";
v0000022149af4340_0 .net "D", 0 0, L_0000022149b5bbb0;  1 drivers
v0000022149af4840_0 .var "Q", 0 0;
v0000022149af45c0_0 .net "clk", 0 0, v0000022149b5c5b0_0;  alias, 1 drivers
v0000022149af4de0_0 .net "rst", 0 0, v0000022149b5afd0_0;  alias, 1 drivers
S_0000022149b593d0 .scope generate, "REG_BITS[12]" "REG_BITS[12]" 4 14, 4 14 0, S_0000022149b03820;
 .timescale 0 0;
P_0000022149b04220 .param/l "i" 1 4 14, +C4<01100>;
S_0000022149b59240 .scope module, "DFF" "d_flip_flop" 4 16, 5 1 0, S_0000022149b593d0;
 .timescale 0 0;
    .port_info 0 /INPUT 1 "clk";
    .port_info 1 /INPUT 1 "rst";
    .port_info 2 /INPUT 1 "D";
    .port_info 3 /OUTPUT 1 "Q";
v0000022149af4b60_0 .net "D", 0 0, L_0000022149b5b930;  1 drivers
v0000022149af4660_0 .var "Q", 0 0;
v0000022149af4700_0 .net "clk", 0 0, v0000022149b5c5b0_0;  alias, 1 drivers
v0000022149af4ca0_0 .net "rst", 0 0, v0000022149b5afd0_0;  alias, 1 drivers
S_0000022149b59880 .scope generate, "REG_BITS[13]" "REG_BITS[13]" 4 14, 4 14 0, S_0000022149b03820;
 .timescale 0 0;
P_0000022149b03d20 .param/l "i" 1 4 14, +C4<01101>;
S_0000022149b596f0 .scope module, "DFF" "d_flip_flop" 4 16, 5 1 0, S_0000022149b59880;
 .timescale 0 0;
    .port_info 0 /INPUT 1 "clk";
    .port_info 1 /INPUT 1 "rst";
    .port_info 2 /INPUT 1 "D";
    .port_info 3 /OUTPUT 1 "Q";
v0000022149af4a20_0 .net "D", 0 0, L_0000022149b5cc90;  1 drivers
v0000022149af4520_0 .var "Q", 0 0;
v0000022149af47a0_0 .net "clk", 0 0, v0000022149b5c5b0_0;  alias, 1 drivers
v0000022149af48e0_0 .net "rst", 0 0, v0000022149b5afd0_0;  alias, 1 drivers
S_0000022149b5a690 .scope generate, "REG_BITS[14]" "REG_BITS[14]" 4 14, 4 14 0, S_0000022149b03820;
 .timescale 0 0;
P_0000022149b04760 .param/l "i" 1 4 14, +C4<01110>;
S_0000022149b5a500 .scope module, "DFF" "d_flip_flop" 4 16, 5 1 0, S_0000022149b5a690;
 .timescale 0 0;
    .port_info 0 /INPUT 1 "clk";
    .port_info 1 /INPUT 1 "rst";
    .port_info 2 /INPUT 1 "D";
    .port_info 3 /OUTPUT 1 "Q";
v0000022149af4ac0_0 .net "D", 0 0, L_0000022149b5b570;  1 drivers
v0000022149af4d40_0 .var "Q", 0 0;
v0000022149af4e80_0 .net "clk", 0 0, v0000022149b5c5b0_0;  alias, 1 drivers
v0000022149af4f20_0 .net "rst", 0 0, v0000022149b5afd0_0;  alias, 1 drivers
S_0000022149b59a10 .scope generate, "REG_BITS[15]" "REG_BITS[15]" 4 14, 4 14 0, S_0000022149b03820;
 .timescale 0 0;
P_0000022149b04360 .param/l "i" 1 4 14, +C4<01111>;
S_0000022149b5a050 .scope module, "DFF" "d_flip_flop" 4 16, 5 1 0, S_0000022149b59a10;
 .timescale 0 0;
    .port_info 0 /INPUT 1 "clk";
    .port_info 1 /INPUT 1 "rst";
    .port_info 2 /INPUT 1 "D";
    .port_info 3 /OUTPUT 1 "Q";
v0000022149af4fc0_0 .net "D", 0 0, L_0000022149b5cab0;  1 drivers
v0000022149af4200_0 .var "Q", 0 0;
v0000022149b5bf70_0 .net "clk", 0 0, v0000022149b5c5b0_0;  alias, 1 drivers
v0000022149b5b6b0_0 .net "rst", 0 0, v0000022149b5afd0_0;  alias, 1 drivers
    .scope S_0000022149b04f20;
T_0 ;
    %wait E_0000022149b03b20;
    %load/vec4 v0000022149afd640_0;
    %flag_set/vec4 8;
    %jmp/0xz  T_0.0, 8;
    %pushi/vec4 0, 0, 1;
    %assign/vec4 v0000022149afdbe0_0, 0;
    %jmp T_0.1;
T_0.0 ;
    %load/vec4 v0000022149afc600_0;
    %assign/vec4 v0000022149afdbe0_0, 0;
T_0.1 ;
    %jmp T_0;
    .thread T_0;
    .scope S_0000022149ae9970;
T_1 ;
    %wait E_0000022149b03b20;
    %load/vec4 v0000022149afd320_0;
    %flag_set/vec4 8;
    %jmp/0xz  T_1.0, 8;
    %pushi/vec4 0, 0, 1;
    %assign/vec4 v0000022149afcce0_0, 0;
    %jmp T_1.1;
T_1.0 ;
    %load/vec4 v0000022149afcc40_0;
    %assign/vec4 v0000022149afcce0_0, 0;
T_1.1 ;
    %jmp T_1;
    .thread T_1;
    .scope S_0000022149ab6320;
T_2 ;
    %wait E_0000022149b03b20;
    %load/vec4 v0000022149afcf60_0;
    %flag_set/vec4 8;
    %jmp/0xz  T_2.0, 8;
    %pushi/vec4 0, 0, 1;
    %assign/vec4 v0000022149afcd80_0, 0;
    %jmp T_2.1;
T_2.0 ;
    %load/vec4 v0000022149afda00_0;
    %assign/vec4 v0000022149afcd80_0, 0;
T_2.1 ;
    %jmp T_2;
    .thread T_2;
    .scope S_0000022149ab6640;
T_3 ;
    %wait E_0000022149b03b20;
    %load/vec4 v0000022149afd1e0_0;
    %flag_set/vec4 8;
    %jmp/0xz  T_3.0, 8;
    %pushi/vec4 0, 0, 1;
    %assign/vec4 v0000022149afd8c0_0, 0;
    %jmp T_3.1;
T_3.0 ;
    %load/vec4 v0000022149afbde0_0;
    %assign/vec4 v0000022149afd8c0_0, 0;
T_3.1 ;
    %jmp T_3;
    .thread T_3;
    .scope S_0000022149af6ae0;
T_4 ;
    %wait E_0000022149b03b20;
    %load/vec4 v0000022149afd3c0_0;
    %flag_set/vec4 8;
    %jmp/0xz  T_4.0, 8;
    %pushi/vec4 0, 0, 1;
    %assign/vec4 v0000022149afc4c0_0, 0;
    %jmp T_4.1;
T_4.0 ;
    %load/vec4 v0000022149afd460_0;
    %assign/vec4 v0000022149afc4c0_0, 0;
T_4.1 ;
    %jmp T_4;
    .thread T_4;
    .scope S_0000022149af6e00;
T_5 ;
    %wait E_0000022149b03b20;
    %load/vec4 v0000022149afd500_0;
    %flag_set/vec4 8;
    %jmp/0xz  T_5.0, 8;
    %pushi/vec4 0, 0, 1;
    %assign/vec4 v0000022149afd000_0, 0;
    %jmp T_5.1;
T_5.0 ;
    %load/vec4 v0000022149afc420_0;
    %assign/vec4 v0000022149afd000_0, 0;
T_5.1 ;
    %jmp T_5;
    .thread T_5;
    .scope S_0000022149b02600;
T_6 ;
    %wait E_0000022149b03b20;
    %load/vec4 v0000022149afc920_0;
    %flag_set/vec4 8;
    %jmp/0xz  T_6.0, 8;
    %pushi/vec4 0, 0, 1;
    %assign/vec4 v0000022149afc880_0, 0;
    %jmp T_6.1;
T_6.0 ;
    %load/vec4 v0000022149afd0a0_0;
    %assign/vec4 v0000022149afc880_0, 0;
T_6.1 ;
    %jmp T_6;
    .thread T_6;
    .scope S_0000022149b58870;
T_7 ;
    %wait E_0000022149b03b20;
    %load/vec4 v0000022149afd140_0;
    %flag_set/vec4 8;
    %jmp/0xz  T_7.0, 8;
    %pushi/vec4 0, 0, 1;
    %assign/vec4 v0000022149afc9c0_0, 0;
    %jmp T_7.1;
T_7.0 ;
    %load/vec4 v0000022149afbfc0_0;
    %assign/vec4 v0000022149afc9c0_0, 0;
T_7.1 ;
    %jmp T_7;
    .thread T_7;
    .scope S_0000022149b58a00;
T_8 ;
    %wait E_0000022149b03b20;
    %load/vec4 v0000022149afd280_0;
    %flag_set/vec4 8;
    %jmp/0xz  T_8.0, 8;
    %pushi/vec4 0, 0, 1;
    %assign/vec4 v0000022149afdb40_0, 0;
    %jmp T_8.1;
T_8.0 ;
    %load/vec4 v0000022149afd6e0_0;
    %assign/vec4 v0000022149afdb40_0, 0;
T_8.1 ;
    %jmp T_8;
    .thread T_8;
    .scope S_0000022149b58230;
T_9 ;
    %wait E_0000022149b03b20;
    %load/vec4 v0000022149afc240_0;
    %flag_set/vec4 8;
    %jmp/0xz  T_9.0, 8;
    %pushi/vec4 0, 0, 1;
    %assign/vec4 v0000022149afc100_0, 0;
    %jmp T_9.1;
T_9.0 ;
    %load/vec4 v0000022149afdaa0_0;
    %assign/vec4 v0000022149afc100_0, 0;
T_9.1 ;
    %jmp T_9;
    .thread T_9;
    .scope S_0000022149b58550;
T_10 ;
    %wait E_0000022149b03b20;
    %load/vec4 v0000022149af42a0_0;
    %flag_set/vec4 8;
    %jmp/0xz  T_10.0, 8;
    %pushi/vec4 0, 0, 1;
    %assign/vec4 v0000022149afc7e0_0, 0;
    %jmp T_10.1;
T_10.0 ;
    %load/vec4 v0000022149afc2e0_0;
    %assign/vec4 v0000022149afc7e0_0, 0;
T_10.1 ;
    %jmp T_10;
    .thread T_10;
    .scope S_0000022149b57f10;
T_11 ;
    %wait E_0000022149b03b20;
    %load/vec4 v0000022149af4de0_0;
    %flag_set/vec4 8;
    %jmp/0xz  T_11.0, 8;
    %pushi/vec4 0, 0, 1;
    %assign/vec4 v0000022149af4840_0, 0;
    %jmp T_11.1;
T_11.0 ;
    %load/vec4 v0000022149af4340_0;
    %assign/vec4 v0000022149af4840_0, 0;
T_11.1 ;
    %jmp T_11;
    .thread T_11;
    .scope S_0000022149b59240;
T_12 ;
    %wait E_0000022149b03b20;
    %load/vec4 v0000022149af4ca0_0;
    %flag_set/vec4 8;
    %jmp/0xz  T_12.0, 8;
    %pushi/vec4 0, 0, 1;
    %assign/vec4 v0000022149af4660_0, 0;
    %jmp T_12.1;
T_12.0 ;
    %load/vec4 v0000022149af4b60_0;
    %assign/vec4 v0000022149af4660_0, 0;
T_12.1 ;
    %jmp T_12;
    .thread T_12;
    .scope S_0000022149b596f0;
T_13 ;
    %wait E_0000022149b03b20;
    %load/vec4 v0000022149af48e0_0;
    %flag_set/vec4 8;
    %jmp/0xz  T_13.0, 8;
    %pushi/vec4 0, 0, 1;
    %assign/vec4 v0000022149af4520_0, 0;
    %jmp T_13.1;
T_13.0 ;
    %load/vec4 v0000022149af4a20_0;
    %assign/vec4 v0000022149af4520_0, 0;
T_13.1 ;
    %jmp T_13;
    .thread T_13;
    .scope S_0000022149b5a500;
T_14 ;
    %wait E_0000022149b03b20;
    %load/vec4 v0000022149af4f20_0;
    %flag_set/vec4 8;
    %jmp/0xz  T_14.0, 8;
    %pushi/vec4 0, 0, 1;
    %assign/vec4 v0000022149af4d40_0, 0;
    %jmp T_14.1;
T_14.0 ;
    %load/vec4 v0000022149af4ac0_0;
    %assign/vec4 v0000022149af4d40_0, 0;
T_14.1 ;
    %jmp T_14;
    .thread T_14;
    .scope S_0000022149b5a050;
T_15 ;
    %wait E_0000022149b03b20;
    %load/vec4 v0000022149b5b6b0_0;
    %flag_set/vec4 8;
    %jmp/0xz  T_15.0, 8;
    %pushi/vec4 0, 0, 1;
    %assign/vec4 v0000022149af4200_0, 0;
    %jmp T_15.1;
T_15.0 ;
    %load/vec4 v0000022149af4fc0_0;
    %assign/vec4 v0000022149af4200_0, 0;
T_15.1 ;
    %jmp T_15;
    .thread T_15;
    .scope S_0000022149af2f60;
T_16 ;
    %pushi/vec4 0, 0, 1;
    %store/vec4 v0000022149b5c5b0_0, 0, 1;
T_16.0 ;
    %delay 5000, 0;
    %load/vec4 v0000022149b5c5b0_0;
    %inv;
    %store/vec4 v0000022149b5c5b0_0, 0, 1;
    %jmp T_16.0;
T_16.1 ;
    %end;
    .thread T_16;
    .scope S_0000022149af2f60;
T_17 ;
    %vpi_call/w 3 40 "$dumpfile", "waves/register_16.vcd" {0 0 0};
    %vpi_call/w 3 41 "$dumpvars", 32'sb00000000000000000000000000000000, S_0000022149af2f60 {0 0 0};
    %pushi/vec4 1, 0, 1;
    %store/vec4 v0000022149b5afd0_0, 0, 1;
    %pushi/vec4 0, 0, 16;
    %store/vec4 v0000022149b5bb10_0, 0, 16;
    %delay 10000, 0;
    %pushi/vec4 0, 0, 1;
    %store/vec4 v0000022149b5afd0_0, 0, 1;
    %pushi/vec4 4660, 0, 16;
    %store/vec4 v0000022149b5bb10_0, 0, 16;
    %delay 10000, 0;
    %pushi/vec4 43981, 0, 16;
    %store/vec4 v0000022149b5bb10_0, 0, 16;
    %delay 10000, 0;
    %pushi/vec4 65535, 0, 16;
    %store/vec4 v0000022149b5bb10_0, 0, 16;
    %delay 10000, 0;
    %pushi/vec4 0, 0, 16;
    %store/vec4 v0000022149b5bb10_0, 0, 16;
    %delay 10000, 0;
    %pushi/vec4 21930, 0, 16;
    %store/vec4 v0000022149b5bb10_0, 0, 16;
    %delay 10000, 0;
    %pushi/vec4 42405, 0, 16;
    %store/vec4 v0000022149b5bb10_0, 0, 16;
    %delay 10000, 0;
    %vpi_call/w 3 75 "$finish" {0 0 0};
    %end;
    .thread T_17;
    .scope S_0000022149af2f60;
T_18 ;
    %vpi_call/w 3 85 "$monitor", "Time=%0t clk=%b rst=%b D=%h Q=%h", $time, v0000022149b5c5b0_0, v0000022149b5afd0_0, v0000022149b5bb10_0, v0000022149b5b610_0 {0 0 0};
    %end;
    .thread T_18;
# The file index is used to find the file name in the following table.
:file_names 6;
    "N/A";
    "<interactive>";
    "-";
    "tb/tb_register_16.sv";
    "rtl/register_16.sv";
    "rtl/d_flip_flop.sv";
