#! 
:ivl_version "14.0 (devel)" "(s20260301-322-ga4989d023-dirty)";
:ivl_delay_selection "TYPICAL";
:vpi_time_precision - 12;
:vpi_module "E:\OSS-CA~1\lib\ivl\system.vpi";
:vpi_module "E:\OSS-CA~1\lib\ivl\vhdl_sys.vpi";
:vpi_module "E:\OSS-CA~1\lib\ivl\vhdl_textio.vpi";
:vpi_module "E:\OSS-CA~1\lib\ivl\v2005_math.vpi";
:vpi_module "E:\OSS-CA~1\lib\ivl\va_math.vpi";
:vpi_module "E:\OSS-CA~1\lib\ivl\v2009.vpi";
S_000002198431eea0 .scope package, "$unit" "$unit" 2 1;
 .timescale 0 0;
S_000002198431f030 .scope module, "tb_ripple_adder_16" "tb_ripple_adder_16" 3 3;
 .timescale -9 -12;
v000002198437d3d0_0 .var "A", 15 0;
v000002198437e870_0 .var "B", 15 0;
v000002198437ee10_0 .var "Cin", 0 0;
v000002198437f1d0_0 .net "Cout", 0 0, L_0000021984381390;  1 drivers
v000002198437e370_0 .net "Sum", 15 0, L_0000021984380fd0;  1 drivers
S_000002198428e5a0 .scope module, "DUT" "ripple_adder_16" 3 12, 4 1 0, S_000002198431f030;
 .timescale 0 0;
    .port_info 0 /INPUT 16 "A";
    .port_info 1 /INPUT 16 "B";
    .port_info 2 /INPUT 1 "Cin";
    .port_info 3 /OUTPUT 16 "Sum";
    .port_info 4 /OUTPUT 1 "Cout";
L_0000021984388b00 .functor BUFZ 1, v000002198437ee10_0, C4<0>, C4<0>, C4<0>;
v000002198437e190_0 .net "A", 15 0, v000002198437d3d0_0;  1 drivers
v000002198437d5b0_0 .net "B", 15 0, v000002198437e870_0;  1 drivers
v000002198437eb90_0 .net "Cin", 0 0, v000002198437ee10_0;  1 drivers
v000002198437e2d0_0 .net "Cout", 0 0, L_0000021984381390;  alias, 1 drivers
v000002198437d970_0 .net "Sum", 15 0, L_0000021984380fd0;  alias, 1 drivers
v000002198437ecd0_0 .net *"_ivl_117", 0 0, L_0000021984388b00;  1 drivers
v000002198437f130_0 .net "carry", 16 0, L_0000021984381250;  1 drivers
L_000002198437e9b0 .part v000002198437d3d0_0, 0, 1;
L_000002198437d330 .part v000002198437e870_0, 0, 1;
L_0000021984382010 .part L_0000021984381250, 0, 1;
L_0000021984382150 .part v000002198437d3d0_0, 1, 1;
L_0000021984381c50 .part v000002198437e870_0, 1, 1;
L_0000021984380350 .part L_0000021984381250, 1, 1;
L_0000021984381110 .part v000002198437d3d0_0, 2, 1;
L_0000021984380530 .part v000002198437e870_0, 2, 1;
L_00000219843817f0 .part L_0000021984381250, 2, 1;
L_0000021984381570 .part v000002198437d3d0_0, 3, 1;
L_0000021984380710 .part v000002198437e870_0, 3, 1;
L_0000021984380f30 .part L_0000021984381250, 3, 1;
L_0000021984381cf0 .part v000002198437d3d0_0, 4, 1;
L_00000219843803f0 .part v000002198437e870_0, 4, 1;
L_0000021984381f70 .part L_0000021984381250, 4, 1;
L_0000021984381930 .part v000002198437d3d0_0, 5, 1;
L_0000021984380c10 .part v000002198437e870_0, 5, 1;
L_00000219843820b0 .part L_0000021984381250, 5, 1;
L_0000021984380d50 .part v000002198437d3d0_0, 6, 1;
L_0000021984381bb0 .part v000002198437e870_0, 6, 1;
L_00000219843821f0 .part L_0000021984381250, 6, 1;
L_0000021984381890 .part v000002198437d3d0_0, 7, 1;
L_0000021984380490 .part v000002198437e870_0, 7, 1;
L_00000219843816b0 .part L_0000021984381250, 7, 1;
L_0000021984380ad0 .part v000002198437d3d0_0, 8, 1;
L_00000219843819d0 .part v000002198437e870_0, 8, 1;
L_00000219843805d0 .part L_0000021984381250, 8, 1;
L_00000219843811b0 .part v000002198437d3d0_0, 9, 1;
L_0000021984380850 .part v000002198437e870_0, 9, 1;
L_0000021984381610 .part L_0000021984381250, 9, 1;
L_0000021984381b10 .part v000002198437d3d0_0, 10, 1;
L_0000021984380670 .part v000002198437e870_0, 10, 1;
L_0000021984380cb0 .part L_0000021984381250, 10, 1;
L_00000219843814d0 .part v000002198437d3d0_0, 11, 1;
L_00000219843807b0 .part v000002198437e870_0, 11, 1;
L_00000219843808f0 .part L_0000021984381250, 11, 1;
L_0000021984380990 .part v000002198437d3d0_0, 12, 1;
L_0000021984381750 .part v000002198437e870_0, 12, 1;
L_0000021984381d90 .part L_0000021984381250, 12, 1;
L_0000021984381430 .part v000002198437d3d0_0, 13, 1;
L_0000021984380a30 .part v000002198437e870_0, 13, 1;
L_0000021984381a70 .part L_0000021984381250, 13, 1;
L_0000021984380b70 .part v000002198437d3d0_0, 14, 1;
L_0000021984381e30 .part v000002198437e870_0, 14, 1;
L_0000021984381ed0 .part L_0000021984381250, 14, 1;
L_0000021984380df0 .part v000002198437d3d0_0, 15, 1;
L_0000021984381070 .part v000002198437e870_0, 15, 1;
L_0000021984380e90 .part L_0000021984381250, 15, 1;
LS_0000021984380fd0_0_0 .concat8 [ 1 1 1 1], L_000002198430eee0, L_000002198437fa40, L_000002198437f6c0, L_0000021984380220;
LS_0000021984380fd0_0_4 .concat8 [ 1 1 1 1], L_000002198437fd50, L_000002198437f960, L_0000021984382590, L_00000219843826e0;
LS_0000021984380fd0_0_8 .concat8 [ 1 1 1 1], L_0000021984382910, L_0000021984382fa0, L_00000219843824b0, L_0000021984384d00;
LS_0000021984380fd0_0_12 .concat8 [ 1 1 1 1], L_0000021984385240, L_0000021984384e50, L_00000219843857f0, L_00000219843859b0;
L_0000021984380fd0 .concat8 [ 4 4 4 4], LS_0000021984380fd0_0_0, LS_0000021984380fd0_0_4, LS_0000021984380fd0_0_8, LS_0000021984380fd0_0_12;
LS_0000021984381250_0_0 .concat8 [ 1 1 1 1], L_0000021984388b00, L_000002198437fff0, L_000002198437f880, L_000002198437f810;
LS_0000021984381250_0_4 .concat8 [ 1 1 1 1], L_000002198437f5e0, L_000002198437f570, L_00000219843829f0, L_0000021984382b40;
LS_0000021984381250_0_8 .concat8 [ 1 1 1 1], L_0000021984382de0, L_0000021984382ec0, L_00000219843823d0, L_0000021984385080;
LS_0000021984381250_0_12 .concat8 [ 1 1 1 1], L_0000021984385a90, L_0000021984385160, L_0000021984384ec0, L_0000021984384c90;
LS_0000021984381250_0_16 .concat8 [ 1 0 0 0], L_0000021984388940;
LS_0000021984381250_1_0 .concat8 [ 4 4 4 4], LS_0000021984381250_0_0, LS_0000021984381250_0_4, LS_0000021984381250_0_8, LS_0000021984381250_0_12;
LS_0000021984381250_1_4 .concat8 [ 1 0 0 0], LS_0000021984381250_0_16;
L_0000021984381250 .concat8 [ 16 1 0 0], LS_0000021984381250_1_0, LS_0000021984381250_1_4;
L_0000021984381390 .part L_0000021984381250, 16, 1;
S_000002198428e730 .scope generate, "FA_STAGE[0]" "FA_STAGE[0]" 4 17, 4 17 0, S_000002198428e5a0;
 .timescale 0 0;
P_0000021984313660 .param/l "i" 1 4 17, +C4<00>;
S_000002198428e8c0 .scope module, "FA" "full_adder" 4 18, 5 1 0, S_000002198428e730;
 .timescale 0 0;
    .port_info 0 /INPUT 1 "A";
    .port_info 1 /INPUT 1 "B";
    .port_info 2 /INPUT 1 "Cin";
    .port_info 3 /OUTPUT 1 "Sum";
    .port_info 4 /OUTPUT 1 "Cout";
L_000002198430f730 .functor XOR 1, L_000002198437e9b0, L_000002198437d330, C4<0>, C4<0>;
L_000002198430eee0 .functor XOR 1, L_000002198430f730, L_0000021984382010, C4<0>, C4<0>;
L_000002198430efc0 .functor AND 1, L_000002198437e9b0, L_000002198437d330, C4<1>, C4<1>;
L_000002198430f030 .functor AND 1, L_000002198437e9b0, L_0000021984382010, C4<1>, C4<1>;
L_000002198430f0a0 .functor OR 1, L_000002198430efc0, L_000002198430f030, C4<0>, C4<0>;
L_000002198437f9d0 .functor AND 1, L_000002198437d330, L_0000021984382010, C4<1>, C4<1>;
L_000002198437fff0 .functor OR 1, L_000002198430f0a0, L_000002198437f9d0, C4<0>, C4<0>;
v000002198431b020_0 .net "A", 0 0, L_000002198437e9b0;  1 drivers
v000002198431b520_0 .net "B", 0 0, L_000002198437d330;  1 drivers
v000002198431a080_0 .net "Cin", 0 0, L_0000021984382010;  1 drivers
v000002198431b5c0_0 .net "Cout", 0 0, L_000002198437fff0;  1 drivers
v000002198431ab20_0 .net "Sum", 0 0, L_000002198430eee0;  1 drivers
v0000021984319c20_0 .net *"_ivl_0", 0 0, L_000002198430f730;  1 drivers
v000002198431b200_0 .net *"_ivl_10", 0 0, L_000002198437f9d0;  1 drivers
v0000021984319d60_0 .net *"_ivl_4", 0 0, L_000002198430efc0;  1 drivers
v000002198431b160_0 .net *"_ivl_6", 0 0, L_000002198430f030;  1 drivers
v0000021984319ea0_0 .net *"_ivl_8", 0 0, L_000002198430f0a0;  1 drivers
S_00000219842a6320 .scope generate, "FA_STAGE[1]" "FA_STAGE[1]" 4 17, 4 17 0, S_000002198428e5a0;
 .timescale 0 0;
P_0000021984312e60 .param/l "i" 1 4 17, +C4<01>;
S_00000219842a64b0 .scope module, "FA" "full_adder" 4 18, 5 1 0, S_00000219842a6320;
 .timescale 0 0;
    .port_info 0 /INPUT 1 "A";
    .port_info 1 /INPUT 1 "B";
    .port_info 2 /INPUT 1 "Cin";
    .port_info 3 /OUTPUT 1 "Sum";
    .port_info 4 /OUTPUT 1 "Cout";
L_000002198437fc00 .functor XOR 1, L_0000021984382150, L_0000021984381c50, C4<0>, C4<0>;
L_000002198437fa40 .functor XOR 1, L_000002198437fc00, L_0000021984380350, C4<0>, C4<0>;
L_000002198437fb20 .functor AND 1, L_0000021984382150, L_0000021984381c50, C4<1>, C4<1>;
L_000002198437f730 .functor AND 1, L_0000021984382150, L_0000021984380350, C4<1>, C4<1>;
L_00000219843800d0 .functor OR 1, L_000002198437fb20, L_000002198437f730, C4<0>, C4<0>;
L_000002198437fe30 .functor AND 1, L_0000021984381c50, L_0000021984380350, C4<1>, C4<1>;
L_000002198437f880 .functor OR 1, L_00000219843800d0, L_000002198437fe30, C4<0>, C4<0>;
v0000021984319f40_0 .net "A", 0 0, L_0000021984382150;  1 drivers
v000002198431b660_0 .net "B", 0 0, L_0000021984381c50;  1 drivers
v000002198431ada0_0 .net "Cin", 0 0, L_0000021984380350;  1 drivers
v000002198431a760_0 .net "Cout", 0 0, L_000002198437f880;  1 drivers
v000002198431b480_0 .net "Sum", 0 0, L_000002198437fa40;  1 drivers
v000002198431ac60_0 .net *"_ivl_0", 0 0, L_000002198437fc00;  1 drivers
v000002198431a4e0_0 .net *"_ivl_10", 0 0, L_000002198437fe30;  1 drivers
v000002198431aee0_0 .net *"_ivl_4", 0 0, L_000002198437fb20;  1 drivers
v000002198431a580_0 .net *"_ivl_6", 0 0, L_000002198437f730;  1 drivers
v0000021984319fe0_0 .net *"_ivl_8", 0 0, L_00000219843800d0;  1 drivers
S_00000219842a6640 .scope generate, "FA_STAGE[2]" "FA_STAGE[2]" 4 17, 4 17 0, S_000002198428e5a0;
 .timescale 0 0;
P_0000021984312f20 .param/l "i" 1 4 17, +C4<010>;
S_0000021984320510 .scope module, "FA" "full_adder" 4 18, 5 1 0, S_00000219842a6640;
 .timescale 0 0;
    .port_info 0 /INPUT 1 "A";
    .port_info 1 /INPUT 1 "B";
    .port_info 2 /INPUT 1 "Cin";
    .port_info 3 /OUTPUT 1 "Sum";
    .port_info 4 /OUTPUT 1 "Cout";
L_000002198437f490 .functor XOR 1, L_0000021984381110, L_0000021984380530, C4<0>, C4<0>;
L_000002198437f6c0 .functor XOR 1, L_000002198437f490, L_00000219843817f0, C4<0>, C4<0>;
L_000002198437fab0 .functor AND 1, L_0000021984381110, L_0000021984380530, C4<1>, C4<1>;
L_000002198437fea0 .functor AND 1, L_0000021984381110, L_00000219843817f0, C4<1>, C4<1>;
L_000002198437fb90 .functor OR 1, L_000002198437fab0, L_000002198437fea0, C4<0>, C4<0>;
L_000002198437f500 .functor AND 1, L_0000021984380530, L_00000219843817f0, C4<1>, C4<1>;
L_000002198437f810 .functor OR 1, L_000002198437fb90, L_000002198437f500, C4<0>, C4<0>;
v000002198431aa80_0 .net "A", 0 0, L_0000021984381110;  1 drivers
v000002198431b2a0_0 .net "B", 0 0, L_0000021984380530;  1 drivers
v000002198431b700_0 .net "Cin", 0 0, L_00000219843817f0;  1 drivers
v000002198431abc0_0 .net "Cout", 0 0, L_000002198437f810;  1 drivers
v000002198431b340_0 .net "Sum", 0 0, L_000002198437f6c0;  1 drivers
v000002198431a1c0_0 .net *"_ivl_0", 0 0, L_000002198437f490;  1 drivers
v0000021984319e00_0 .net *"_ivl_10", 0 0, L_000002198437f500;  1 drivers
v000002198431ad00_0 .net *"_ivl_4", 0 0, L_000002198437fab0;  1 drivers
v000002198431b7a0_0 .net *"_ivl_6", 0 0, L_000002198437fea0;  1 drivers
v000002198431a120_0 .net *"_ivl_8", 0 0, L_000002198437fb90;  1 drivers
S_00000219843206a0 .scope generate, "FA_STAGE[3]" "FA_STAGE[3]" 4 17, 4 17 0, S_000002198428e5a0;
 .timescale 0 0;
P_0000021984313060 .param/l "i" 1 4 17, +C4<011>;
S_0000021984320830 .scope module, "FA" "full_adder" 4 18, 5 1 0, S_00000219843206a0;
 .timescale 0 0;
    .port_info 0 /INPUT 1 "A";
    .port_info 1 /INPUT 1 "B";
    .port_info 2 /INPUT 1 "Cin";
    .port_info 3 /OUTPUT 1 "Sum";
    .port_info 4 /OUTPUT 1 "Cout";
L_000002198437f340 .functor XOR 1, L_0000021984381570, L_0000021984380710, C4<0>, C4<0>;
L_0000021984380220 .functor XOR 1, L_000002198437f340, L_0000021984380f30, C4<0>, C4<0>;
L_000002198437fce0 .functor AND 1, L_0000021984381570, L_0000021984380710, C4<1>, C4<1>;
L_0000021984380060 .functor AND 1, L_0000021984381570, L_0000021984380f30, C4<1>, C4<1>;
L_000002198437fc70 .functor OR 1, L_000002198437fce0, L_0000021984380060, C4<0>, C4<0>;
L_0000021984380140 .functor AND 1, L_0000021984380710, L_0000021984380f30, C4<1>, C4<1>;
L_000002198437f5e0 .functor OR 1, L_000002198437fc70, L_0000021984380140, C4<0>, C4<0>;
v000002198431a3a0_0 .net "A", 0 0, L_0000021984381570;  1 drivers
v000002198431b840_0 .net "B", 0 0, L_0000021984380710;  1 drivers
v000002198431a800_0 .net "Cin", 0 0, L_0000021984380f30;  1 drivers
v000002198431ae40_0 .net "Cout", 0 0, L_000002198437f5e0;  1 drivers
v000002198431a940_0 .net "Sum", 0 0, L_0000021984380220;  1 drivers
v0000021984319a40_0 .net *"_ivl_0", 0 0, L_000002198437f340;  1 drivers
v000002198431b0c0_0 .net *"_ivl_10", 0 0, L_0000021984380140;  1 drivers
v0000021984319ae0_0 .net *"_ivl_4", 0 0, L_000002198437fce0;  1 drivers
v0000021984319b80_0 .net *"_ivl_6", 0 0, L_0000021984380060;  1 drivers
v000002198431b3e0_0 .net *"_ivl_8", 0 0, L_000002198437fc70;  1 drivers
S_0000021984374930 .scope generate, "FA_STAGE[4]" "FA_STAGE[4]" 4 17, 4 17 0, S_000002198428e5a0;
 .timescale 0 0;
P_00000219843135a0 .param/l "i" 1 4 17, +C4<0100>;
S_0000021984374ac0 .scope module, "FA" "full_adder" 4 18, 5 1 0, S_0000021984374930;
 .timescale 0 0;
    .port_info 0 /INPUT 1 "A";
    .port_info 1 /INPUT 1 "B";
    .port_info 2 /INPUT 1 "Cin";
    .port_info 3 /OUTPUT 1 "Sum";
    .port_info 4 /OUTPUT 1 "Cout";
L_000002198437f8f0 .functor XOR 1, L_0000021984381cf0, L_00000219843803f0, C4<0>, C4<0>;
L_000002198437fd50 .functor XOR 1, L_000002198437f8f0, L_0000021984381f70, C4<0>, C4<0>;
L_000002198437ff10 .functor AND 1, L_0000021984381cf0, L_00000219843803f0, C4<1>, C4<1>;
L_000002198437ff80 .functor AND 1, L_0000021984381cf0, L_0000021984381f70, C4<1>, C4<1>;
L_000002198437fdc0 .functor OR 1, L_000002198437ff10, L_000002198437ff80, C4<0>, C4<0>;
L_000002198437f650 .functor AND 1, L_00000219843803f0, L_0000021984381f70, C4<1>, C4<1>;
L_000002198437f570 .functor OR 1, L_000002198437fdc0, L_000002198437f650, C4<0>, C4<0>;
v000002198431a260_0 .net "A", 0 0, L_0000021984381cf0;  1 drivers
v000002198431af80_0 .net "B", 0 0, L_00000219843803f0;  1 drivers
v0000021984319cc0_0 .net "Cin", 0 0, L_0000021984381f70;  1 drivers
v000002198431a620_0 .net "Cout", 0 0, L_000002198437f570;  1 drivers
v000002198431a300_0 .net "Sum", 0 0, L_000002198437fd50;  1 drivers
v000002198431a440_0 .net *"_ivl_0", 0 0, L_000002198437f8f0;  1 drivers
v00000219842f4850_0 .net *"_ivl_10", 0 0, L_000002198437f650;  1 drivers
v00000219842f39f0_0 .net *"_ivl_4", 0 0, L_000002198437ff10;  1 drivers
v00000219842f3590_0 .net *"_ivl_6", 0 0, L_000002198437ff80;  1 drivers
v00000219842f3c70_0 .net *"_ivl_8", 0 0, L_000002198437fdc0;  1 drivers
S_0000021984376c60 .scope generate, "FA_STAGE[5]" "FA_STAGE[5]" 4 17, 4 17 0, S_000002198428e5a0;
 .timescale 0 0;
P_0000021984313120 .param/l "i" 1 4 17, +C4<0101>;
S_0000021984376df0 .scope module, "FA" "full_adder" 4 18, 5 1 0, S_0000021984376c60;
 .timescale 0 0;
    .port_info 0 /INPUT 1 "A";
    .port_info 1 /INPUT 1 "B";
    .port_info 2 /INPUT 1 "Cin";
    .port_info 3 /OUTPUT 1 "Sum";
    .port_info 4 /OUTPUT 1 "Cout";
L_000002198437f7a0 .functor XOR 1, L_0000021984381930, L_0000021984380c10, C4<0>, C4<0>;
L_000002198437f960 .functor XOR 1, L_000002198437f7a0, L_00000219843820b0, C4<0>, C4<0>;
L_000002198437f3b0 .functor AND 1, L_0000021984381930, L_0000021984380c10, C4<1>, C4<1>;
L_00000219843801b0 .functor AND 1, L_0000021984381930, L_00000219843820b0, C4<1>, C4<1>;
L_000002198437f420 .functor OR 1, L_000002198437f3b0, L_00000219843801b0, C4<0>, C4<0>;
L_00000219843830f0 .functor AND 1, L_0000021984380c10, L_00000219843820b0, C4<1>, C4<1>;
L_00000219843829f0 .functor OR 1, L_000002198437f420, L_00000219843830f0, C4<0>, C4<0>;
v00000219842f4b70_0 .net "A", 0 0, L_0000021984381930;  1 drivers
v00000219842f4cb0_0 .net "B", 0 0, L_0000021984380c10;  1 drivers
v00000219842f4e90_0 .net "Cin", 0 0, L_00000219843820b0;  1 drivers
v00000219842f4fd0_0 .net "Cout", 0 0, L_00000219843829f0;  1 drivers
v00000219843019a0_0 .net "Sum", 0 0, L_000002198437f960;  1 drivers
v0000021984300140_0 .net *"_ivl_0", 0 0, L_000002198437f7a0;  1 drivers
v00000219843005a0_0 .net *"_ivl_10", 0 0, L_00000219843830f0;  1 drivers
v0000021984301a40_0 .net *"_ivl_4", 0 0, L_000002198437f3b0;  1 drivers
v0000021984300320_0 .net *"_ivl_6", 0 0, L_00000219843801b0;  1 drivers
v0000021984300aa0_0 .net *"_ivl_8", 0 0, L_000002198437f420;  1 drivers
S_0000021984376f80 .scope generate, "FA_STAGE[6]" "FA_STAGE[6]" 4 17, 4 17 0, S_000002198428e5a0;
 .timescale 0 0;
P_00000219843136a0 .param/l "i" 1 4 17, +C4<0110>;
S_0000021984377110 .scope module, "FA" "full_adder" 4 18, 5 1 0, S_0000021984376f80;
 .timescale 0 0;
    .port_info 0 /INPUT 1 "A";
    .port_info 1 /INPUT 1 "B";
    .port_info 2 /INPUT 1 "Cin";
    .port_info 3 /OUTPUT 1 "Sum";
    .port_info 4 /OUTPUT 1 "Cout";
L_0000021984382980 .functor XOR 1, L_0000021984380d50, L_0000021984381bb0, C4<0>, C4<0>;
L_0000021984382590 .functor XOR 1, L_0000021984382980, L_00000219843821f0, C4<0>, C4<0>;
L_0000021984382750 .functor AND 1, L_0000021984380d50, L_0000021984381bb0, C4<1>, C4<1>;
L_0000021984382a60 .functor AND 1, L_0000021984380d50, L_00000219843821f0, C4<1>, C4<1>;
L_0000021984382ad0 .functor OR 1, L_0000021984382750, L_0000021984382a60, C4<0>, C4<0>;
L_0000021984383240 .functor AND 1, L_0000021984381bb0, L_00000219843821f0, C4<1>, C4<1>;
L_0000021984382b40 .functor OR 1, L_0000021984382ad0, L_0000021984383240, C4<0>, C4<0>;
v0000021984300780_0 .net "A", 0 0, L_0000021984380d50;  1 drivers
v0000021984300be0_0 .net "B", 0 0, L_0000021984381bb0;  1 drivers
v00000219843118d0_0 .net "Cin", 0 0, L_00000219843821f0;  1 drivers
v0000021984310430_0 .net "Cout", 0 0, L_0000021984382b40;  1 drivers
v0000021984311010_0 .net "Sum", 0 0, L_0000021984382590;  1 drivers
v000002198430fdf0_0 .net *"_ivl_0", 0 0, L_0000021984382980;  1 drivers
v00000219843106b0_0 .net *"_ivl_10", 0 0, L_0000021984383240;  1 drivers
v0000021984310c50_0 .net *"_ivl_4", 0 0, L_0000021984382750;  1 drivers
v0000021984310750_0 .net *"_ivl_6", 0 0, L_0000021984382a60;  1 drivers
v0000021984310cf0_0 .net *"_ivl_8", 0 0, L_0000021984382ad0;  1 drivers
S_0000021984377930 .scope generate, "FA_STAGE[7]" "FA_STAGE[7]" 4 17, 4 17 0, S_000002198428e5a0;
 .timescale 0 0;
P_0000021984313160 .param/l "i" 1 4 17, +C4<0111>;
S_00000219843772f0 .scope module, "FA" "full_adder" 4 18, 5 1 0, S_0000021984377930;
 .timescale 0 0;
    .port_info 0 /INPUT 1 "A";
    .port_info 1 /INPUT 1 "B";
    .port_info 2 /INPUT 1 "Cin";
    .port_info 3 /OUTPUT 1 "Sum";
    .port_info 4 /OUTPUT 1 "Cout";
L_0000021984383160 .functor XOR 1, L_0000021984381890, L_0000021984380490, C4<0>, C4<0>;
L_00000219843826e0 .functor XOR 1, L_0000021984383160, L_00000219843816b0, C4<0>, C4<0>;
L_0000021984382c20 .functor AND 1, L_0000021984381890, L_0000021984380490, C4<1>, C4<1>;
L_0000021984382c90 .functor AND 1, L_0000021984381890, L_00000219843816b0, C4<1>, C4<1>;
L_0000021984382d00 .functor OR 1, L_0000021984382c20, L_0000021984382c90, C4<0>, C4<0>;
L_0000021984382bb0 .functor AND 1, L_0000021984380490, L_00000219843816b0, C4<1>, C4<1>;
L_0000021984382de0 .functor OR 1, L_0000021984382d00, L_0000021984382bb0, C4<0>, C4<0>;
v00000219842ecee0_0 .net "A", 0 0, L_0000021984381890;  1 drivers
v00000219842ecf80_0 .net "B", 0 0, L_0000021984380490;  1 drivers
v00000219842ed340_0 .net "Cin", 0 0, L_00000219843816b0;  1 drivers
v00000219842ed3e0_0 .net "Cout", 0 0, L_0000021984382de0;  1 drivers
v0000021984378ee0_0 .net "Sum", 0 0, L_00000219843826e0;  1 drivers
v0000021984378300_0 .net *"_ivl_0", 0 0, L_0000021984383160;  1 drivers
v0000021984378da0_0 .net *"_ivl_10", 0 0, L_0000021984382bb0;  1 drivers
v0000021984378c60_0 .net *"_ivl_4", 0 0, L_0000021984382c20;  1 drivers
v00000219843790c0_0 .net *"_ivl_6", 0 0, L_0000021984382c90;  1 drivers
v00000219843784e0_0 .net *"_ivl_8", 0 0, L_0000021984382d00;  1 drivers
S_0000021984377610 .scope generate, "FA_STAGE[8]" "FA_STAGE[8]" 4 17, 4 17 0, S_000002198428e5a0;
 .timescale 0 0;
P_0000021984313be0 .param/l "i" 1 4 17, +C4<01000>;
S_00000219843777a0 .scope module, "FA" "full_adder" 4 18, 5 1 0, S_0000021984377610;
 .timescale 0 0;
    .port_info 0 /INPUT 1 "A";
    .port_info 1 /INPUT 1 "B";
    .port_info 2 /INPUT 1 "Cin";
    .port_info 3 /OUTPUT 1 "Sum";
    .port_info 4 /OUTPUT 1 "Cout";
L_0000021984382830 .functor XOR 1, L_0000021984380ad0, L_00000219843819d0, C4<0>, C4<0>;
L_0000021984382910 .functor XOR 1, L_0000021984382830, L_00000219843805d0, C4<0>, C4<0>;
L_00000219843828a0 .functor AND 1, L_0000021984380ad0, L_00000219843819d0, C4<1>, C4<1>;
L_0000021984382d70 .functor AND 1, L_0000021984380ad0, L_00000219843805d0, C4<1>, C4<1>;
L_0000021984382e50 .functor OR 1, L_00000219843828a0, L_0000021984382d70, C4<0>, C4<0>;
L_0000021984382360 .functor AND 1, L_00000219843819d0, L_00000219843805d0, C4<1>, C4<1>;
L_0000021984382ec0 .functor OR 1, L_0000021984382e50, L_0000021984382360, C4<0>, C4<0>;
v00000219843792a0_0 .net "A", 0 0, L_0000021984380ad0;  1 drivers
v0000021984379de0_0 .net "B", 0 0, L_00000219843819d0;  1 drivers
v0000021984379160_0 .net "Cin", 0 0, L_00000219843805d0;  1 drivers
v0000021984379ca0_0 .net "Cout", 0 0, L_0000021984382ec0;  1 drivers
v0000021984379520_0 .net "Sum", 0 0, L_0000021984382910;  1 drivers
v00000219843797a0_0 .net *"_ivl_0", 0 0, L_0000021984382830;  1 drivers
v000002198437a060_0 .net *"_ivl_10", 0 0, L_0000021984382360;  1 drivers
v0000021984378580_0 .net *"_ivl_4", 0 0, L_00000219843828a0;  1 drivers
v0000021984378e40_0 .net *"_ivl_6", 0 0, L_0000021984382d70;  1 drivers
v0000021984379b60_0 .net *"_ivl_8", 0 0, L_0000021984382e50;  1 drivers
S_0000021984377ac0 .scope generate, "FA_STAGE[9]" "FA_STAGE[9]" 4 17, 4 17 0, S_000002198428e5a0;
 .timescale 0 0;
P_00000219843137a0 .param/l "i" 1 4 17, +C4<01001>;
S_0000021984377c50 .scope module, "FA" "full_adder" 4 18, 5 1 0, S_0000021984377ac0;
 .timescale 0 0;
    .port_info 0 /INPUT 1 "A";
    .port_info 1 /INPUT 1 "B";
    .port_info 2 /INPUT 1 "Cin";
    .port_info 3 /OUTPUT 1 "Sum";
    .port_info 4 /OUTPUT 1 "Cout";
L_0000021984382f30 .functor XOR 1, L_00000219843811b0, L_0000021984380850, C4<0>, C4<0>;
L_0000021984382fa0 .functor XOR 1, L_0000021984382f30, L_0000021984381610, C4<0>, C4<0>;
L_00000219843831d0 .functor AND 1, L_00000219843811b0, L_0000021984380850, C4<1>, C4<1>;
L_00000219843827c0 .functor AND 1, L_00000219843811b0, L_0000021984381610, C4<1>, C4<1>;
L_0000021984383010 .functor OR 1, L_00000219843831d0, L_00000219843827c0, C4<0>, C4<0>;
L_0000021984383080 .functor AND 1, L_0000021984380850, L_0000021984381610, C4<1>, C4<1>;
L_00000219843823d0 .functor OR 1, L_0000021984383010, L_0000021984383080, C4<0>, C4<0>;
v0000021984379d40_0 .net "A", 0 0, L_00000219843811b0;  1 drivers
v0000021984379ac0_0 .net "B", 0 0, L_0000021984380850;  1 drivers
v0000021984379340_0 .net "Cin", 0 0, L_0000021984381610;  1 drivers
v0000021984379fc0_0 .net "Cout", 0 0, L_00000219843823d0;  1 drivers
v0000021984379c00_0 .net "Sum", 0 0, L_0000021984382fa0;  1 drivers
v0000021984379e80_0 .net *"_ivl_0", 0 0, L_0000021984382f30;  1 drivers
v00000219843783a0_0 .net *"_ivl_10", 0 0, L_0000021984383080;  1 drivers
v0000021984379f20_0 .net *"_ivl_4", 0 0, L_00000219843831d0;  1 drivers
v0000021984378a80_0 .net *"_ivl_6", 0 0, L_00000219843827c0;  1 drivers
v0000021984379840_0 .net *"_ivl_8", 0 0, L_0000021984383010;  1 drivers
S_0000021984377480 .scope generate, "FA_STAGE[10]" "FA_STAGE[10]" 4 17, 4 17 0, S_000002198428e5a0;
 .timescale 0 0;
P_0000021984313960 .param/l "i" 1 4 17, +C4<01010>;
S_0000021984377de0 .scope module, "FA" "full_adder" 4 18, 5 1 0, S_0000021984377480;
 .timescale 0 0;
    .port_info 0 /INPUT 1 "A";
    .port_info 1 /INPUT 1 "B";
    .port_info 2 /INPUT 1 "Cin";
    .port_info 3 /OUTPUT 1 "Sum";
    .port_info 4 /OUTPUT 1 "Cout";
L_0000021984382440 .functor XOR 1, L_0000021984381b10, L_0000021984380670, C4<0>, C4<0>;
L_00000219843824b0 .functor XOR 1, L_0000021984382440, L_0000021984380cb0, C4<0>, C4<0>;
L_0000021984382520 .functor AND 1, L_0000021984381b10, L_0000021984380670, C4<1>, C4<1>;
L_0000021984382600 .functor AND 1, L_0000021984381b10, L_0000021984380cb0, C4<1>, C4<1>;
L_0000021984382670 .functor OR 1, L_0000021984382520, L_0000021984382600, C4<0>, C4<0>;
L_0000021984385630 .functor AND 1, L_0000021984380670, L_0000021984380cb0, C4<1>, C4<1>;
L_0000021984385080 .functor OR 1, L_0000021984382670, L_0000021984385630, C4<0>, C4<0>;
v0000021984378f80_0 .net "A", 0 0, L_0000021984381b10;  1 drivers
v0000021984379020_0 .net "B", 0 0, L_0000021984380670;  1 drivers
v0000021984379200_0 .net "Cin", 0 0, L_0000021984380cb0;  1 drivers
v000002198437a100_0 .net "Cout", 0 0, L_0000021984385080;  1 drivers
v00000219843795c0_0 .net "Sum", 0 0, L_00000219843824b0;  1 drivers
v0000021984378620_0 .net *"_ivl_0", 0 0, L_0000021984382440;  1 drivers
v00000219843793e0_0 .net *"_ivl_10", 0 0, L_0000021984385630;  1 drivers
v0000021984379980_0 .net *"_ivl_4", 0 0, L_0000021984382520;  1 drivers
v0000021984378b20_0 .net *"_ivl_6", 0 0, L_0000021984382600;  1 drivers
v0000021984379480_0 .net *"_ivl_8", 0 0, L_0000021984382670;  1 drivers
S_0000021984377f70 .scope generate, "FA_STAGE[11]" "FA_STAGE[11]" 4 17, 4 17 0, S_000002198428e5a0;
 .timescale 0 0;
P_00000219843131e0 .param/l "i" 1 4 17, +C4<01011>;
S_0000021984378100 .scope module, "FA" "full_adder" 4 18, 5 1 0, S_0000021984377f70;
 .timescale 0 0;
    .port_info 0 /INPUT 1 "A";
    .port_info 1 /INPUT 1 "B";
    .port_info 2 /INPUT 1 "Cin";
    .port_info 3 /OUTPUT 1 "Sum";
    .port_info 4 /OUTPUT 1 "Cout";
L_0000021984384de0 .functor XOR 1, L_00000219843814d0, L_00000219843807b0, C4<0>, C4<0>;
L_0000021984384d00 .functor XOR 1, L_0000021984384de0, L_00000219843808f0, C4<0>, C4<0>;
L_0000021984385320 .functor AND 1, L_00000219843814d0, L_00000219843807b0, C4<1>, C4<1>;
L_0000021984384f30 .functor AND 1, L_00000219843814d0, L_00000219843808f0, C4<1>, C4<1>;
L_00000219843850f0 .functor OR 1, L_0000021984385320, L_0000021984384f30, C4<0>, C4<0>;
L_0000021984385470 .functor AND 1, L_00000219843807b0, L_00000219843808f0, C4<1>, C4<1>;
L_0000021984385a90 .functor OR 1, L_00000219843850f0, L_0000021984385470, C4<0>, C4<0>;
v000002198437a1a0_0 .net "A", 0 0, L_00000219843814d0;  1 drivers
v00000219843786c0_0 .net "B", 0 0, L_00000219843807b0;  1 drivers
v0000021984378760_0 .net "Cin", 0 0, L_00000219843808f0;  1 drivers
v0000021984379660_0 .net "Cout", 0 0, L_0000021984385a90;  1 drivers
v00000219843798e0_0 .net "Sum", 0 0, L_0000021984384d00;  1 drivers
v0000021984378940_0 .net *"_ivl_0", 0 0, L_0000021984384de0;  1 drivers
v0000021984378440_0 .net *"_ivl_10", 0 0, L_0000021984385470;  1 drivers
v0000021984378800_0 .net *"_ivl_4", 0 0, L_0000021984385320;  1 drivers
v0000021984378d00_0 .net *"_ivl_6", 0 0, L_0000021984384f30;  1 drivers
v00000219843789e0_0 .net *"_ivl_8", 0 0, L_00000219843850f0;  1 drivers
S_000002198437c450 .scope generate, "FA_STAGE[12]" "FA_STAGE[12]" 4 17, 4 17 0, S_000002198428e5a0;
 .timescale 0 0;
P_0000021984313760 .param/l "i" 1 4 17, +C4<01100>;
S_000002198437c2c0 .scope module, "FA" "full_adder" 4 18, 5 1 0, S_000002198437c450;
 .timescale 0 0;
    .port_info 0 /INPUT 1 "A";
    .port_info 1 /INPUT 1 "B";
    .port_info 2 /INPUT 1 "Cin";
    .port_info 3 /OUTPUT 1 "Sum";
    .port_info 4 /OUTPUT 1 "Cout";
L_00000219843854e0 .functor XOR 1, L_0000021984380990, L_0000021984381750, C4<0>, C4<0>;
L_0000021984385240 .functor XOR 1, L_00000219843854e0, L_0000021984381d90, C4<0>, C4<0>;
L_0000021984385390 .functor AND 1, L_0000021984380990, L_0000021984381750, C4<1>, C4<1>;
L_0000021984384fa0 .functor AND 1, L_0000021984380990, L_0000021984381d90, C4<1>, C4<1>;
L_0000021984385940 .functor OR 1, L_0000021984385390, L_0000021984384fa0, C4<0>, C4<0>;
L_00000219843856a0 .functor AND 1, L_0000021984381750, L_0000021984381d90, C4<1>, C4<1>;
L_0000021984385160 .functor OR 1, L_0000021984385940, L_00000219843856a0, C4<0>, C4<0>;
v0000021984379700_0 .net "A", 0 0, L_0000021984380990;  1 drivers
v0000021984379a20_0 .net "B", 0 0, L_0000021984381750;  1 drivers
v00000219843788a0_0 .net "Cin", 0 0, L_0000021984381d90;  1 drivers
v0000021984378bc0_0 .net "Cout", 0 0, L_0000021984385160;  1 drivers
v000002198437ddd0_0 .net "Sum", 0 0, L_0000021984385240;  1 drivers
v000002198437e7d0_0 .net *"_ivl_0", 0 0, L_00000219843854e0;  1 drivers
v000002198437ec30_0 .net *"_ivl_10", 0 0, L_00000219843856a0;  1 drivers
v000002198437dab0_0 .net *"_ivl_4", 0 0, L_0000021984385390;  1 drivers
v000002198437dc90_0 .net *"_ivl_6", 0 0, L_0000021984384fa0;  1 drivers
v000002198437e230_0 .net *"_ivl_8", 0 0, L_0000021984385940;  1 drivers
S_000002198437d0d0 .scope generate, "FA_STAGE[13]" "FA_STAGE[13]" 4 17, 4 17 0, S_000002198428e5a0;
 .timescale 0 0;
P_00000219843136e0 .param/l "i" 1 4 17, +C4<01101>;
S_000002198437baf0 .scope module, "FA" "full_adder" 4 18, 5 1 0, S_000002198437d0d0;
 .timescale 0 0;
    .port_info 0 /INPUT 1 "A";
    .port_info 1 /INPUT 1 "B";
    .port_info 2 /INPUT 1 "Cin";
    .port_info 3 /OUTPUT 1 "Sum";
    .port_info 4 /OUTPUT 1 "Cout";
L_0000021984384bb0 .functor XOR 1, L_0000021984381430, L_0000021984380a30, C4<0>, C4<0>;
L_0000021984384e50 .functor XOR 1, L_0000021984384bb0, L_0000021984381a70, C4<0>, C4<0>;
L_0000021984385710 .functor AND 1, L_0000021984381430, L_0000021984380a30, C4<1>, C4<1>;
L_00000219843851d0 .functor AND 1, L_0000021984381430, L_0000021984381a70, C4<1>, C4<1>;
L_0000021984385550 .functor OR 1, L_0000021984385710, L_00000219843851d0, C4<0>, C4<0>;
L_00000219843855c0 .functor AND 1, L_0000021984380a30, L_0000021984381a70, C4<1>, C4<1>;
L_0000021984384ec0 .functor OR 1, L_0000021984385550, L_00000219843855c0, C4<0>, C4<0>;
v000002198437ef50_0 .net "A", 0 0, L_0000021984381430;  1 drivers
v000002198437e410_0 .net "B", 0 0, L_0000021984380a30;  1 drivers
v000002198437e910_0 .net "Cin", 0 0, L_0000021984381a70;  1 drivers
v000002198437da10_0 .net "Cout", 0 0, L_0000021984384ec0;  1 drivers
v000002198437d650_0 .net "Sum", 0 0, L_0000021984384e50;  1 drivers
v000002198437e550_0 .net *"_ivl_0", 0 0, L_0000021984384bb0;  1 drivers
v000002198437ed70_0 .net *"_ivl_10", 0 0, L_00000219843855c0;  1 drivers
v000002198437e4b0_0 .net *"_ivl_4", 0 0, L_0000021984385710;  1 drivers
v000002198437e050_0 .net *"_ivl_6", 0 0, L_00000219843851d0;  1 drivers
v000002198437d470_0 .net *"_ivl_8", 0 0, L_0000021984385550;  1 drivers
S_000002198437b320 .scope generate, "FA_STAGE[14]" "FA_STAGE[14]" 4 17, 4 17 0, S_000002198428e5a0;
 .timescale 0 0;
P_00000219843138e0 .param/l "i" 1 4 17, +C4<01110>;
S_000002198437b4b0 .scope module, "FA" "full_adder" 4 18, 5 1 0, S_000002198437b320;
 .timescale 0 0;
    .port_info 0 /INPUT 1 "A";
    .port_info 1 /INPUT 1 "B";
    .port_info 2 /INPUT 1 "Cin";
    .port_info 3 /OUTPUT 1 "Sum";
    .port_info 4 /OUTPUT 1 "Cout";
L_0000021984385780 .functor XOR 1, L_0000021984380b70, L_0000021984381e30, C4<0>, C4<0>;
L_00000219843857f0 .functor XOR 1, L_0000021984385780, L_0000021984381ed0, C4<0>, C4<0>;
L_00000219843852b0 .functor AND 1, L_0000021984380b70, L_0000021984381e30, C4<1>, C4<1>;
L_0000021984385860 .functor AND 1, L_0000021984380b70, L_0000021984381ed0, C4<1>, C4<1>;
L_0000021984385400 .functor OR 1, L_00000219843852b0, L_0000021984385860, C4<0>, C4<0>;
L_00000219843858d0 .functor AND 1, L_0000021984381e30, L_0000021984381ed0, C4<1>, C4<1>;
L_0000021984384c90 .functor OR 1, L_0000021984385400, L_00000219843858d0, C4<0>, C4<0>;
v000002198437d790_0 .net "A", 0 0, L_0000021984380b70;  1 drivers
v000002198437e5f0_0 .net "B", 0 0, L_0000021984381e30;  1 drivers
v000002198437dfb0_0 .net "Cin", 0 0, L_0000021984381ed0;  1 drivers
v000002198437d830_0 .net "Cout", 0 0, L_0000021984384c90;  1 drivers
v000002198437dd30_0 .net "Sum", 0 0, L_00000219843857f0;  1 drivers
v000002198437dbf0_0 .net *"_ivl_0", 0 0, L_0000021984385780;  1 drivers
v000002198437e0f0_0 .net *"_ivl_10", 0 0, L_00000219843858d0;  1 drivers
v000002198437ea50_0 .net *"_ivl_4", 0 0, L_00000219843852b0;  1 drivers
v000002198437eeb0_0 .net *"_ivl_6", 0 0, L_0000021984385860;  1 drivers
v000002198437eff0_0 .net *"_ivl_8", 0 0, L_0000021984385400;  1 drivers
S_000002198437c770 .scope generate, "FA_STAGE[15]" "FA_STAGE[15]" 4 17, 4 17 0, S_000002198428e5a0;
 .timescale 0 0;
P_0000021984313260 .param/l "i" 1 4 17, +C4<01111>;
S_000002198437c5e0 .scope module, "FA" "full_adder" 4 18, 5 1 0, S_000002198437c770;
 .timescale 0 0;
    .port_info 0 /INPUT 1 "A";
    .port_info 1 /INPUT 1 "B";
    .port_info 2 /INPUT 1 "Cin";
    .port_info 3 /OUTPUT 1 "Sum";
    .port_info 4 /OUTPUT 1 "Cout";
L_0000021984385010 .functor XOR 1, L_0000021984380df0, L_0000021984381070, C4<0>, C4<0>;
L_00000219843859b0 .functor XOR 1, L_0000021984385010, L_0000021984380e90, C4<0>, C4<0>;
L_0000021984385a20 .functor AND 1, L_0000021984380df0, L_0000021984381070, C4<1>, C4<1>;
L_0000021984384c20 .functor AND 1, L_0000021984380df0, L_0000021984380e90, C4<1>, C4<1>;
L_0000021984384d70 .functor OR 1, L_0000021984385a20, L_0000021984384c20, C4<0>, C4<0>;
L_00000219843887f0 .functor AND 1, L_0000021984381070, L_0000021984380e90, C4<1>, C4<1>;
L_0000021984388940 .functor OR 1, L_0000021984384d70, L_00000219843887f0, C4<0>, C4<0>;
v000002198437d6f0_0 .net "A", 0 0, L_0000021984380df0;  1 drivers
v000002198437de70_0 .net "B", 0 0, L_0000021984381070;  1 drivers
v000002198437e690_0 .net "Cin", 0 0, L_0000021984380e90;  1 drivers
v000002198437d8d0_0 .net "Cout", 0 0, L_0000021984388940;  1 drivers
v000002198437f090_0 .net "Sum", 0 0, L_00000219843859b0;  1 drivers
v000002198437db50_0 .net *"_ivl_0", 0 0, L_0000021984385010;  1 drivers
v000002198437df10_0 .net *"_ivl_10", 0 0, L_00000219843887f0;  1 drivers
v000002198437eaf0_0 .net *"_ivl_4", 0 0, L_0000021984385a20;  1 drivers
v000002198437e730_0 .net *"_ivl_6", 0 0, L_0000021984384c20;  1 drivers
v000002198437d510_0 .net *"_ivl_8", 0 0, L_0000021984384d70;  1 drivers
    .scope S_000002198431f030;
T_0 ;
    %vpi_call/w 3 22 "$dumpfile", "waves/ripple_adder_16.vcd" {0 0 0};
    %vpi_call/w 3 23 "$dumpvars", 32'sb00000000000000000000000000000000, S_000002198431f030 {0 0 0};
    %pushi/vec4 0, 0, 16;
    %store/vec4 v000002198437d3d0_0, 0, 16;
    %pushi/vec4 0, 0, 16;
    %store/vec4 v000002198437e870_0, 0, 16;
    %pushi/vec4 0, 0, 1;
    %store/vec4 v000002198437ee10_0, 0, 1;
    %delay 10000, 0;
    %pushi/vec4 25, 0, 16;
    %store/vec4 v000002198437d3d0_0, 0, 16;
    %pushi/vec4 17, 0, 16;
    %store/vec4 v000002198437e870_0, 0, 16;
    %pushi/vec4 0, 0, 1;
    %store/vec4 v000002198437ee10_0, 0, 1;
    %delay 10000, 0;
    %pushi/vec4 1000, 0, 16;
    %store/vec4 v000002198437d3d0_0, 0, 16;
    %pushi/vec4 2500, 0, 16;
    %store/vec4 v000002198437e870_0, 0, 16;
    %pushi/vec4 0, 0, 1;
    %store/vec4 v000002198437ee10_0, 0, 1;
    %delay 10000, 0;
    %pushi/vec4 65535, 0, 16;
    %store/vec4 v000002198437d3d0_0, 0, 16;
    %pushi/vec4 1, 0, 16;
    %store/vec4 v000002198437e870_0, 0, 16;
    %pushi/vec4 0, 0, 1;
    %store/vec4 v000002198437ee10_0, 0, 1;
    %delay 10000, 0;
    %pushi/vec4 4660, 0, 16;
    %store/vec4 v000002198437d3d0_0, 0, 16;
    %pushi/vec4 17185, 0, 16;
    %store/vec4 v000002198437e870_0, 0, 16;
    %pushi/vec4 0, 0, 1;
    %store/vec4 v000002198437ee10_0, 0, 1;
    %delay 10000, 0;
    %pushi/vec4 32768, 0, 16;
    %store/vec4 v000002198437d3d0_0, 0, 16;
    %pushi/vec4 32768, 0, 16;
    %store/vec4 v000002198437e870_0, 0, 16;
    %pushi/vec4 0, 0, 1;
    %store/vec4 v000002198437ee10_0, 0, 1;
    %delay 10000, 0;
    %vpi_call/w 3 55 "$finish" {0 0 0};
    %end;
    .thread T_0;
    .scope S_000002198431f030;
T_1 ;
    %vpi_call/w 3 59 "$monitor", "Time=%0t A=%0d B=%0d Cin=%b Sum=%0d Cout=%b", $time, v000002198437d3d0_0, v000002198437e870_0, v000002198437ee10_0, v000002198437e370_0, v000002198437f1d0_0 {0 0 0};
    %end;
    .thread T_1;
# The file index is used to find the file name in the following table.
:file_names 6;
    "N/A";
    "<interactive>";
    "-";
    "tb/tb_ripple_adder_16.sv";
    "rtl/ripple_adder_16.sv";
    "rtl/full_adder.sv";
